======================================================================
IterFold Training (Anchor-Conditioned Structure Prediction)
======================================================================
Started: 2026-01-30 00:26:05
Command: python scripts/train_iterfold.py --n_train 20 --n_test 5 --n_steps 2000 --eval_every 500 --batch_size 8 --lr 1e-3 --use_atom_anchor_decoder --geom_weight 0 --c_atom 64 --output_dir outputs/iterfold_atom_anchor_v1

Configuration:
  decoder_type:     atom_anchor
  c_token:          256
  trunk_layers:     9
  decoder_layers:   12
  n_atom_layers:    8
  batch_size:       8
  grad_accum:       4
  eff_batch:        32
  n_steps:          2000
  lr:               0.001

Masking:
  mask_ratio:       [0.5, 1.0] (uniform sampling)

Auxiliary losses:
  geom_weight:      0.0
  dist_weight:      1.0

Augmentation:
  rotation_augment: True

Device: cuda
  GPU: NVIDIA GeForce RTX 4070 Ti SUPER

Data: 20 train, 5 test
Preloading samples...
  Loaded 25 samples

Model: IterFold
  Total params:   23,196,227
  Trunk params:   7,261,568 (31.3%)
  Decoder params: 15,934,659 (68.7%)

Optimizer: AdamW, 23,196,227 trainable params
Geometry loss: GeometryLoss(active=['bond_length', 'bond_angle', 'omega', 'o_chirality'])
Training for 2000 steps...
======================================================================
Step   100 | loss: 16.1163 | mse: 13.2378 | dist: 4.8880 | geom: 0.0000 | m%: 0.85 | lr: 9.94e-04 | 21s
Step   200 | loss: 9.4027 | mse: 8.7113 | dist: 3.4561 | geom: 0.0000 | m%: 0.95 | lr: 9.76e-04 | 42s
Step   300 | loss: 8.6057 | mse: 6.0672 | dist: 2.3019 | geom: 0.0000 | m%: 0.64 | lr: 9.46e-04 | 63s
Step   400 | loss: 5.3753 | mse: 3.2598 | dist: 1.2389 | geom: 0.0000 | m%: 0.59 | lr: 9.05e-04 | 85s
Step   500 | loss: 4.9940 | mse: 3.4605 | dist: 2.2146 | geom: 0.0000 | m%: 0.83 | lr: 8.54e-04 | 106s
         >>> Train (20): RMSE=3.59Å
         >>> Test (5):  RMSE=3.25Å | DockQ=0.378
         >>> Saved plot: outputs/iterfold_atom_anchor_v1\plots\step_000500.png
         >>> New best! Saved., DockQ=0.378
Step   600 | loss: 4.2898 | mse: 2.4320 | dist: 1.0253 | geom: 0.0000 | m%: 0.74 | lr: 7.94e-04 | 127s
Step   700 | loss: 2.9285 | mse: 1.3650 | dist: 1.6196 | geom: 0.0000 | m%: 0.95 | lr: 7.27e-04 | 172s
Step   800 | loss: 1.8414 | mse: 1.1771 | dist: 0.6737 | geom: 0.0000 | m%: 0.77 | lr: 6.55e-04 | 218s
Step   900 | loss: 1.5953 | mse: 0.9570 | dist: 0.6002 | geom: 0.0000 | m%: 0.80 | lr: 5.79e-04 | 264s
Step  1000 | loss: 1.4810 | mse: 0.8901 | dist: 1.1700 | geom: 0.0000 | m%: 0.94 | lr: 5.00e-04 | 311s
         >>> Train (20): RMSE=6.05Å
         >>> Test (5):  RMSE=5.04Å | DockQ=0.290
         >>> Saved plot: outputs/iterfold_atom_anchor_v1\plots\step_001000.png
Step  1100 | loss: 1.6029 | mse: 0.8975 | dist: 0.4071 | geom: 0.0000 | m%: 0.66 | lr: 4.22e-04 | 358s
Step  1200 | loss: 1.8654 | mse: 1.6258 | dist: 1.7242 | geom: 0.0000 | m%: 0.95 | lr: 3.46e-04 | 404s
Step  1300 | loss: 1.7513 | mse: 1.0074 | dist: 0.5375 | geom: 0.0000 | m%: 0.69 | lr: 2.74e-04 | 450s
Step  1400 | loss: 1.1066 | mse: 0.5835 | dist: 0.2125 | geom: 0.0000 | m%: 0.55 | lr: 2.07e-04 | 496s
Step  1500 | loss: 1.2758 | mse: 0.5750 | dist: 0.3448 | geom: 0.0000 | m%: 0.62 | lr: 1.47e-04 | 543s
         >>> Train (20): RMSE=8.14Å
         >>> Test (5):  RMSE=6.58Å | DockQ=0.141
         >>> Saved plot: outputs/iterfold_atom_anchor_v1\plots\step_001500.png
