======================================================================
IterFold Training (Anchor-Conditioned Structure Prediction)
======================================================================
Started: 2026-01-29 23:51:59
Command: python scripts/train_iterfold.py --n_train 20 --n_test 5 --n_steps 2000 --eval_every 500 --batch_size 8 --lr 1e-3 --use_geometric_decoder --geom_weight 0 --output_dir outputs/iterfold_v7_nogeom

Configuration:
  c_token:          256
  trunk_layers:     9
  decoder_layers:   12
  n_atom_layers:    8
  batch_size:       8
  grad_accum:       4
  eff_batch:        32
  n_steps:          2000
  lr:               0.001

Masking:
  mask_ratio:       [0.5, 1.0] (uniform sampling)

Auxiliary losses:
  geom_weight:      0.0
  dist_weight:      1.0

Augmentation:
  rotation_augment: True

Device: cuda
  GPU: NVIDIA GeForce RTX 4070 Ti SUPER

Data: 20 train, 5 test
Preloading samples...
  Loaded 25 samples

Model: IterFold
  Total params:   9,693,583
  Trunk params:   7,261,568 (74.9%)
  Decoder params: 2,432,015 (25.1%)

Optimizer: AdamW, 9,693,583 trainable params
Geometry loss: GeometryLoss(active=['bond_length', 'bond_angle', 'omega', 'o_chirality'])
Training for 2000 steps...
======================================================================
Step   100 | loss: 5.6226 | mse: 3.4950 | dist: 2.4894 | geom: 0.0000 | m%: 0.91 | lr: 9.94e-04 | 38s
Step   200 | loss: 2.4726 | mse: 1.4371 | dist: 0.9931 | geom: 0.0000 | m%: 0.68 | lr: 9.76e-04 | 77s
Step   300 | loss: 1.9251 | mse: 1.0329 | dist: 0.3886 | geom: 0.0000 | m%: 0.65 | lr: 9.46e-04 | 116s
Step   400 | loss: 1.6744 | mse: 1.1381 | dist: 0.3378 | geom: 0.0000 | m%: 0.52 | lr: 9.05e-04 | 156s
Step   500 | loss: 1.5460 | mse: 0.9535 | dist: 0.5154 | geom: 0.0000 | m%: 0.68 | lr: 8.54e-04 | 194s
         >>> Train (20): 1shot=1.95Å | iter=18.22Å
         >>> Test (5):  1shot=1.79Å | iter=16.43Å | DockQ=0.022
         >>> Saved plot: outputs/iterfold_v7_nogeom\plots\step_000500.png
         >>> New best! Saved., DockQ=0.022
Step   600 | loss: 1.2733 | mse: 0.6701 | dist: 0.2783 | geom: 0.0000 | m%: 0.63 | lr: 7.94e-04 | 252s
Step   700 | loss: 1.5159 | mse: 0.5723 | dist: 0.8407 | geom: 0.0000 | m%: 0.91 | lr: 7.27e-04 | 290s
Step   800 | loss: 1.1411 | mse: 0.4421 | dist: 0.2789 | geom: 0.0000 | m%: 0.74 | lr: 6.55e-04 | 329s
Step   900 | loss: 1.2941 | mse: 0.6616 | dist: 0.6460 | geom: 0.0000 | m%: 0.83 | lr: 5.79e-04 | 368s
Step  1000 | loss: 0.8440 | mse: 0.3554 | dist: 0.6494 | geom: 0.0000 | m%: 0.86 | lr: 5.00e-04 | 407s
         >>> Train (20): 1shot=1.53Å | iter=16.78Å
         >>> Test (5):  1shot=1.46Å | iter=13.45Å | DockQ=0.044
         >>> Saved plot: outputs/iterfold_v7_nogeom\plots\step_001000.png
         >>> New best! Saved., DockQ=0.044
Step  1100 | loss: 0.8167 | mse: 0.4954 | dist: 0.4006 | geom: 0.0000 | m%: 0.76 | lr: 4.22e-04 | 467s
Step  1200 | loss: 1.1267 | mse: 0.3600 | dist: 0.2951 | geom: 0.0000 | m%: 0.81 | lr: 3.46e-04 | 505s
Step  1300 | loss: 0.6740 | mse: 0.6207 | dist: 0.6517 | geom: 0.0000 | m%: 0.91 | lr: 2.74e-04 | 543s
Step  1400 | loss: 0.4650 | mse: 0.2901 | dist: 0.0996 | geom: 0.0000 | m%: 0.52 | lr: 2.07e-04 | 581s
Step  1500 | loss: 0.6969 | mse: 0.1906 | dist: 0.2691 | geom: 0.0000 | m%: 0.84 | lr: 1.47e-04 | 619s
         >>> Train (20): 1shot=1.48Å | iter=15.97Å
         >>> Test (5):  1shot=1.42Å | iter=13.44Å | DockQ=0.030
         >>> Saved plot: outputs/iterfold_v7_nogeom\plots\step_001500.png
         >>> New best! Saved., DockQ=0.030
