======================================================================
ResFold Training
======================================================================
Started: 2026-01-28 03:20:53
Script: C:\Users\costa\src\tinyfold\scripts\train_resfold.py
Command: python scripts/train_resfold.py --mode stage1_only --trunk_layers 6 --denoiser_blocks 6 --n_train 8600 --n_test 100 --n_eval_train 50 --min_atoms 320 --max_atoms 1200 --n_steps 50000 --eval_every 2000 --batch_size 128 --grad_accum 2 --lr 1e-4 --augment_rotation --continuous_sigma --align_per_step --output_dir outputs/stage1_10M

Configuration:
  mode:          stage1_only
  output_dir:    outputs/stage1_10M
  n_train:       8600
  n_test:        100
  batch_size:    128
  grad_accum:    2
  eff_batch:     256
  n_steps:       50000
  eval_every:    2000
  lr:            0.0001
  T:             50
  centroid_noise:0.0
  dist_weight:   0.1
  geom_weight:   0.1
    bond_length: 1.0
    bond_angle:  0.1
    omega:       0.1
    o_chirality: 0.1
    cb_chirality:0.0

Device: cuda
  GPU: NVIDIA GeForce RTX 4070 Ti SUPER

Data split (seed=42):
  Eligible samples (320-1200 atoms): 8722
  Training: 8600 samples
  Test: 100 samples

Preloading samples... (normalize=True)
  Loaded 8600 train, 100 test samples
Model: ResFold (stage1_only)
  Stage 1 params: 10,564,995 (100.0%)
  Stage 2 params: 0 (0.0%)
  Total params:   10,564,995

Diffusion:
  Mode: AF3-style continuous sigma (VE)
  sigma_data: 1.0
  sigma_range: [0.002, 10.0]
  T: 50 (inference steps)
  self_cond_prob: 0.5
  translate_aug: 0.0
  Sampling: align_per_step=True, recenter=False

Training for 50000 steps...
======================================================================
Step   100 | loss: 1.095455 | mse: 1.0076 | dst: 0.8903 | lr: 1.00e-04 | 79s
Step   200 | loss: 0.994884 | mse: 0.8906 | dst: 0.8341 | lr: 1.00e-04 | 160s
Step   300 | loss: 1.146422 | mse: 1.0269 | dst: 0.9724 | lr: 1.00e-04 | 241s
Step   400 | loss: 1.101838 | mse: 0.9797 | dst: 0.8809 | lr: 1.00e-04 | 324s
Step   500 | loss: 0.949097 | mse: 0.8671 | dst: 0.7648 | lr: 1.00e-04 | 406s
Step   600 | loss: 0.989618 | mse: 1.0383 | dst: 0.8684 | lr: 1.00e-04 | 486s
Step   700 | loss: 0.879845 | mse: 0.7463 | dst: 0.6528 | lr: 1.00e-04 | 567s
Step   800 | loss: 0.810055 | mse: 0.7345 | dst: 0.6553 | lr: 9.99e-05 | 646s
Step   900 | loss: 0.744991 | mse: 0.7076 | dst: 0.6055 | lr: 9.99e-05 | 727s
Step  1000 | loss: 0.806094 | mse: 0.8158 | dst: 0.6843 | lr: 9.99e-05 | 807s
Step  1100 | loss: 0.695885 | mse: 0.6424 | dst: 0.5221 | lr: 9.99e-05 | 886s
Step  1200 | loss: 0.774332 | mse: 0.6786 | dst: 0.5731 | lr: 9.99e-05 | 964s
Step  1300 | loss: 0.771146 | mse: 0.6831 | dst: 0.5224 | lr: 9.98e-05 | 1042s
Step  1400 | loss: 0.659970 | mse: 0.6017 | dst: 0.4796 | lr: 9.98e-05 | 1122s
Step  1500 | loss: 0.667101 | mse: 0.5737 | dst: 0.4525 | lr: 9.98e-05 | 1200s
Step  1600 | loss: 0.737280 | mse: 0.6345 | dst: 0.5226 | lr: 9.98e-05 | 1279s
Step  1700 | loss: 0.750298 | mse: 0.6877 | dst: 0.5215 | lr: 9.97e-05 | 1357s
Step  1800 | loss: 0.689896 | mse: 0.6767 | dst: 0.5749 | lr: 9.97e-05 | 1437s
Step  1900 | loss: 0.665343 | mse: 0.6264 | dst: 0.4812 | lr: 9.97e-05 | 1517s
Step  2000 | loss: 0.622348 | mse: 0.5863 | dst: 0.4632 | lr: 9.96e-05 | 1596s
         >>> Train Centroid RMSE (50): 16.9596 A | Test Centroid RMSE (100): 17.5317 A
         >>> Saved plot: outputs/stage1_10M\plots\step_002000.png
         >>> New best test RMSE! Saved.
Step  2100 | loss: 0.666249 | mse: 0.6443 | dst: 0.4971 | lr: 9.96e-05 | 1786s
Step  2200 | loss: 0.620306 | mse: 0.5468 | dst: 0.4124 | lr: 9.96e-05 | 1865s
Step  2300 | loss: 0.595414 | mse: 0.5342 | dst: 0.4186 | lr: 9.95e-05 | 1944s
Step  2400 | loss: 0.534522 | mse: 0.4482 | dst: 0.3133 | lr: 9.95e-05 | 2023s
Step  2500 | loss: 0.534083 | mse: 0.5045 | dst: 0.4064 | lr: 9.94e-05 | 2102s
Step  2600 | loss: 0.574167 | mse: 0.5239 | dst: 0.3715 | lr: 9.94e-05 | 2182s
Step  2700 | loss: 0.548364 | mse: 0.4649 | dst: 0.3508 | lr: 9.94e-05 | 2262s
Step  2800 | loss: 0.485355 | mse: 0.4087 | dst: 0.2976 | lr: 9.93e-05 | 2341s
Step  2900 | loss: 0.508919 | mse: 0.4998 | dst: 0.3331 | lr: 9.93e-05 | 2420s
Step  3000 | loss: 0.501857 | mse: 0.4409 | dst: 0.3288 | lr: 9.92e-05 | 2499s
Step  3100 | loss: 0.476296 | mse: 0.4480 | dst: 0.3108 | lr: 9.91e-05 | 2579s
Step  3200 | loss: 0.492716 | mse: 0.4570 | dst: 0.3319 | lr: 9.91e-05 | 2660s
Step  3300 | loss: 0.431613 | mse: 0.3685 | dst: 0.2636 | lr: 9.90e-05 | 2738s
Step  3400 | loss: 0.423606 | mse: 0.3659 | dst: 0.2557 | lr: 9.90e-05 | 2817s
Step  3500 | loss: 0.437524 | mse: 0.3751 | dst: 0.2650 | lr: 9.89e-05 | 2897s
Step  3600 | loss: 0.452304 | mse: 0.4416 | dst: 0.3214 | lr: 9.89e-05 | 2975s
Step  3700 | loss: 0.429110 | mse: 0.4007 | dst: 0.2740 | lr: 9.88e-05 | 3054s
Step  3800 | loss: 0.417543 | mse: 0.4065 | dst: 0.2749 | lr: 9.87e-05 | 3133s
Step  3900 | loss: 0.414851 | mse: 0.3919 | dst: 0.2640 | lr: 9.87e-05 | 3212s
Step  4000 | loss: 0.433430 | mse: 0.4695 | dst: 0.3285 | lr: 9.86e-05 | 3290s
         >>> Train Centroid RMSE (50): 13.1497 A | Test Centroid RMSE (100): 14.7443 A
         >>> Saved plot: outputs/stage1_10M\plots\step_004000.png
         >>> New best test RMSE! Saved.
Step  4100 | loss: 0.419642 | mse: 0.4146 | dst: 0.2859 | lr: 9.85e-05 | 3482s
Step  4200 | loss: 0.393413 | mse: 0.3839 | dst: 0.2580 | lr: 9.84e-05 | 3560s
Step  4300 | loss: 0.326166 | mse: 0.3291 | dst: 0.2246 | lr: 9.84e-05 | 3639s
Step  4400 | loss: 0.395224 | mse: 0.3933 | dst: 0.2555 | lr: 9.83e-05 | 3718s
Step  4500 | loss: 0.373733 | mse: 0.3859 | dst: 0.2729 | lr: 9.82e-05 | 3797s
Step  4600 | loss: 0.315821 | mse: 0.3207 | dst: 0.2103 | lr: 9.81e-05 | 3874s
Step  4700 | loss: 0.328271 | mse: 0.3126 | dst: 0.2072 | lr: 9.81e-05 | 3953s
Step  4800 | loss: 0.346794 | mse: 0.2914 | dst: 0.2029 | lr: 9.80e-05 | 4031s
Step  4900 | loss: 0.325682 | mse: 0.3076 | dst: 0.1960 | lr: 9.79e-05 | 4110s
Step  5000 | loss: 0.323881 | mse: 0.2787 | dst: 0.1867 | lr: 9.78e-05 | 4189s
Step  5100 | loss: 0.363727 | mse: 0.3501 | dst: 0.2339 | lr: 9.77e-05 | 4267s
Step  5200 | loss: 0.339302 | mse: 0.2618 | dst: 0.1794 | lr: 9.76e-05 | 4346s
Step  5300 | loss: 0.282189 | mse: 0.2546 | dst: 0.1677 | lr: 9.75e-05 | 4426s
Step  5400 | loss: 0.312578 | mse: 0.3156 | dst: 0.1948 | lr: 9.74e-05 | 4506s
Step  5500 | loss: 0.291562 | mse: 0.2809 | dst: 0.1839 | lr: 9.73e-05 | 4585s
Step  5600 | loss: 0.308409 | mse: 0.2978 | dst: 0.1890 | lr: 9.72e-05 | 4664s
Step  5700 | loss: 0.278112 | mse: 0.2426 | dst: 0.1590 | lr: 9.71e-05 | 4740s
Step  5800 | loss: 0.268716 | mse: 0.2191 | dst: 0.1480 | lr: 9.70e-05 | 4820s
Step  5900 | loss: 0.338292 | mse: 0.3327 | dst: 0.2244 | lr: 9.69e-05 | 4897s
Step  6000 | loss: 0.297864 | mse: 0.2862 | dst: 0.1817 | lr: 9.68e-05 | 4975s
         >>> Train Centroid RMSE (50): 11.2635 A | Test Centroid RMSE (100): 13.3725 A
         >>> Saved plot: outputs/stage1_10M\plots\step_006000.png
         >>> New best test RMSE! Saved.
Step  6100 | loss: 0.287039 | mse: 0.2337 | dst: 0.1532 | lr: 9.67e-05 | 5164s
Step  6200 | loss: 0.267861 | mse: 0.2564 | dst: 0.1603 | lr: 9.66e-05 | 5243s
Step  6300 | loss: 0.308178 | mse: 0.2665 | dst: 0.1720 | lr: 9.65e-05 | 5322s
Step  6400 | loss: 0.289991 | mse: 0.2572 | dst: 0.1759 | lr: 9.64e-05 | 5400s
Step  6500 | loss: 0.275249 | mse: 0.2485 | dst: 0.1624 | lr: 9.63e-05 | 5479s
Step  6600 | loss: 0.229940 | mse: 0.2366 | dst: 0.1452 | lr: 9.62e-05 | 5558s
Step  6700 | loss: 0.313203 | mse: 0.3355 | dst: 0.1928 | lr: 9.61e-05 | 5637s
Step  6800 | loss: 0.306189 | mse: 0.2702 | dst: 0.1676 | lr: 9.60e-05 | 5716s
Step  6900 | loss: 0.300388 | mse: 0.2786 | dst: 0.1536 | lr: 9.58e-05 | 5795s
Step  7000 | loss: 0.269512 | mse: 0.2423 | dst: 0.1536 | lr: 9.57e-05 | 5874s
Step  7100 | loss: 0.234984 | mse: 0.1592 | dst: 0.1033 | lr: 9.56e-05 | 5953s
Step  7200 | loss: 0.229404 | mse: 0.2085 | dst: 0.1287 | lr: 9.55e-05 | 6030s
Step  7300 | loss: 0.255518 | mse: 0.2378 | dst: 0.1288 | lr: 9.53e-05 | 6108s
Step  7400 | loss: 0.238232 | mse: 0.1978 | dst: 0.1280 | lr: 9.52e-05 | 6185s
Step  7500 | loss: 0.258800 | mse: 0.2698 | dst: 0.1616 | lr: 9.51e-05 | 6263s
Step  7600 | loss: 0.213319 | mse: 0.2054 | dst: 0.1393 | lr: 9.50e-05 | 6342s
Step  7700 | loss: 0.234488 | mse: 0.2376 | dst: 0.1573 | lr: 9.48e-05 | 6420s
Step  7800 | loss: 0.219758 | mse: 0.2526 | dst: 0.1597 | lr: 9.47e-05 | 6498s
Step  7900 | loss: 0.294887 | mse: 0.2875 | dst: 0.1688 | lr: 9.46e-05 | 6577s
Step  8000 | loss: 0.227215 | mse: 0.2388 | dst: 0.1426 | lr: 9.44e-05 | 6655s
         >>> Train Centroid RMSE (50): 10.2047 A | Test Centroid RMSE (100): 13.0518 A
         >>> Saved plot: outputs/stage1_10M\plots\step_008000.png
         >>> New best test RMSE! Saved.
Step  8100 | loss: 0.240979 | mse: 0.2672 | dst: 0.1592 | lr: 9.43e-05 | 6845s
Step  8200 | loss: 0.189101 | mse: 0.1499 | dst: 0.1048 | lr: 9.42e-05 | 6923s
Step  8300 | loss: 0.199566 | mse: 0.1814 | dst: 0.1078 | lr: 9.40e-05 | 7001s
Step  8400 | loss: 0.231206 | mse: 0.2412 | dst: 0.1447 | lr: 9.39e-05 | 7080s
Step  8500 | loss: 0.232988 | mse: 0.2217 | dst: 0.1378 | lr: 9.37e-05 | 7158s
Step  8600 | loss: 0.256894 | mse: 0.2556 | dst: 0.1622 | lr: 9.36e-05 | 7236s
Step  8700 | loss: 0.195741 | mse: 0.1484 | dst: 0.0939 | lr: 9.34e-05 | 7315s
Step  8800 | loss: 0.210535 | mse: 0.2026 | dst: 0.1271 | lr: 9.33e-05 | 7394s
Step  8900 | loss: 0.218920 | mse: 0.2161 | dst: 0.1336 | lr: 9.31e-05 | 7472s
Step  9000 | loss: 0.210652 | mse: 0.2108 | dst: 0.1322 | lr: 9.30e-05 | 7549s
Step  9100 | loss: 0.201822 | mse: 0.1705 | dst: 0.1037 | lr: 9.28e-05 | 7627s
Step  9200 | loss: 0.187296 | mse: 0.1720 | dst: 0.1001 | lr: 9.27e-05 | 7704s
Step  9300 | loss: 0.196377 | mse: 0.2033 | dst: 0.1268 | lr: 9.25e-05 | 7783s
Step  9400 | loss: 0.213440 | mse: 0.2149 | dst: 0.1316 | lr: 9.24e-05 | 7861s
Step  9500 | loss: 0.238121 | mse: 0.2458 | dst: 0.1366 | lr: 9.22e-05 | 7939s
Step  9600 | loss: 0.202292 | mse: 0.1997 | dst: 0.1264 | lr: 9.21e-05 | 8019s
Step  9700 | loss: 0.209212 | mse: 0.2115 | dst: 0.1293 | lr: 9.19e-05 | 8097s
Step  9800 | loss: 0.184402 | mse: 0.1949 | dst: 0.1111 | lr: 9.17e-05 | 8174s
Step  9900 | loss: 0.166848 | mse: 0.1584 | dst: 0.0952 | lr: 9.16e-05 | 8253s
Step 10000 | loss: 0.184333 | mse: 0.1643 | dst: 0.1009 | lr: 9.14e-05 | 8332s
         >>> Train Centroid RMSE (50): 8.9930 A | Test Centroid RMSE (100): 11.0704 A
         >>> Saved plot: outputs/stage1_10M\plots\step_010000.png
         >>> New best test RMSE! Saved.
Step 10100 | loss: 0.171311 | mse: 0.1487 | dst: 0.0934 | lr: 9.12e-05 | 8519s
Step 10200 | loss: 0.232310 | mse: 0.2203 | dst: 0.1358 | lr: 9.11e-05 | 8597s
Step 10300 | loss: 0.183550 | mse: 0.1655 | dst: 0.0989 | lr: 9.09e-05 | 8675s
Step 10400 | loss: 0.176845 | mse: 0.1679 | dst: 0.0949 | lr: 9.07e-05 | 8753s
Step 10500 | loss: 0.193231 | mse: 0.1706 | dst: 0.1081 | lr: 9.06e-05 | 8830s
Step 10600 | loss: 0.164629 | mse: 0.1453 | dst: 0.0945 | lr: 9.04e-05 | 8908s
Step 10700 | loss: 0.177106 | mse: 0.1897 | dst: 0.1148 | lr: 9.02e-05 | 8987s
Step 10800 | loss: 0.169705 | mse: 0.1636 | dst: 0.0978 | lr: 9.00e-05 | 9065s
Step 10900 | loss: 0.192245 | mse: 0.1557 | dst: 0.0975 | lr: 8.99e-05 | 9145s
Step 11000 | loss: 0.170715 | mse: 0.1651 | dst: 0.0997 | lr: 8.97e-05 | 9224s
Step 11100 | loss: 0.194525 | mse: 0.1683 | dst: 0.1031 | lr: 8.95e-05 | 9303s
Step 11200 | loss: 0.180609 | mse: 0.1917 | dst: 0.1167 | lr: 8.93e-05 | 9381s
Step 11300 | loss: 0.165203 | mse: 0.1463 | dst: 0.0818 | lr: 8.91e-05 | 9460s
Step 11400 | loss: 0.162053 | mse: 0.1649 | dst: 0.1007 | lr: 8.89e-05 | 9539s
Step 11500 | loss: 0.165008 | mse: 0.1449 | dst: 0.0960 | lr: 8.88e-05 | 9616s
Step 11600 | loss: 0.163103 | mse: 0.1657 | dst: 0.1057 | lr: 8.86e-05 | 9695s
Step 11700 | loss: 0.169379 | mse: 0.1720 | dst: 0.1092 | lr: 8.84e-05 | 9775s
Step 11800 | loss: 0.159153 | mse: 0.1549 | dst: 0.0930 | lr: 8.82e-05 | 9855s
Step 11900 | loss: 0.153267 | mse: 0.1464 | dst: 0.0876 | lr: 8.80e-05 | 9934s
Step 12000 | loss: 0.160814 | mse: 0.1344 | dst: 0.0846 | lr: 8.78e-05 | 10013s
         >>> Train Centroid RMSE (50): 8.5754 A | Test Centroid RMSE (100): 11.3222 A
         >>> Saved plot: outputs/stage1_10M\plots\step_012000.png
Step 12100 | loss: 0.168450 | mse: 0.1605 | dst: 0.1013 | lr: 8.76e-05 | 10203s
Step 12200 | loss: 0.161070 | mse: 0.1550 | dst: 0.0953 | lr: 8.74e-05 | 10281s
Step 12300 | loss: 0.142489 | mse: 0.1086 | dst: 0.0718 | lr: 8.72e-05 | 10360s
Step 12400 | loss: 0.150945 | mse: 0.1419 | dst: 0.0873 | lr: 8.70e-05 | 10439s
Step 12500 | loss: 0.186122 | mse: 0.1289 | dst: 0.0781 | lr: 8.68e-05 | 10517s
Step 12600 | loss: 0.186321 | mse: 0.1608 | dst: 0.0948 | lr: 8.66e-05 | 10597s
Step 12700 | loss: 0.160554 | mse: 0.1517 | dst: 0.0942 | lr: 8.64e-05 | 10674s
Step 12800 | loss: 0.146487 | mse: 0.1290 | dst: 0.0809 | lr: 8.62e-05 | 10752s
Step 12900 | loss: 0.128176 | mse: 0.1148 | dst: 0.0740 | lr: 8.60e-05 | 10830s
Step 13000 | loss: 0.161486 | mse: 0.1461 | dst: 0.0875 | lr: 8.58e-05 | 10908s
Step 13100 | loss: 0.168191 | mse: 0.1569 | dst: 0.0989 | lr: 8.56e-05 | 10988s
Step 13200 | loss: 0.179716 | mse: 0.1933 | dst: 0.1152 | lr: 8.54e-05 | 11066s
Step 13300 | loss: 0.155531 | mse: 0.1453 | dst: 0.0820 | lr: 8.52e-05 | 11145s
Step 13400 | loss: 0.141654 | mse: 0.1470 | dst: 0.0966 | lr: 8.50e-05 | 11223s
Step 13500 | loss: 0.139960 | mse: 0.1237 | dst: 0.0786 | lr: 8.48e-05 | 11302s
Step 13600 | loss: 0.143468 | mse: 0.1480 | dst: 0.0924 | lr: 8.45e-05 | 11380s
Step 13700 | loss: 0.187238 | mse: 0.1875 | dst: 0.1136 | lr: 8.43e-05 | 11459s
Step 13800 | loss: 0.162280 | mse: 0.1335 | dst: 0.0861 | lr: 8.41e-05 | 11536s
Step 13900 | loss: 0.164281 | mse: 0.1478 | dst: 0.0840 | lr: 8.39e-05 | 11615s
Step 14000 | loss: 0.149009 | mse: 0.1339 | dst: 0.0731 | lr: 8.37e-05 | 11693s
         >>> Train Centroid RMSE (50): 8.6503 A | Test Centroid RMSE (100): 11.2881 A
         >>> Saved plot: outputs/stage1_10M\plots\step_014000.png
Step 14100 | loss: 0.120590 | mse: 0.1118 | dst: 0.0742 | lr: 8.35e-05 | 11882s
Step 14200 | loss: 0.126499 | mse: 0.0989 | dst: 0.0617 | lr: 8.32e-05 | 11959s
Step 14300 | loss: 0.113936 | mse: 0.1235 | dst: 0.0712 | lr: 8.30e-05 | 12037s
Step 14400 | loss: 0.123977 | mse: 0.1055 | dst: 0.0680 | lr: 8.28e-05 | 12114s
Step 14500 | loss: 0.139190 | mse: 0.1387 | dst: 0.0821 | lr: 8.26e-05 | 12193s
Step 14600 | loss: 0.154302 | mse: 0.1311 | dst: 0.0804 | lr: 8.24e-05 | 12271s
Step 14700 | loss: 0.123678 | mse: 0.1137 | dst: 0.0749 | lr: 8.21e-05 | 12350s
Step 14800 | loss: 0.137173 | mse: 0.1427 | dst: 0.0865 | lr: 8.19e-05 | 12429s
Step 14900 | loss: 0.140095 | mse: 0.1552 | dst: 0.0911 | lr: 8.17e-05 | 12507s
Step 15000 | loss: 0.154710 | mse: 0.1496 | dst: 0.0874 | lr: 8.15e-05 | 12586s
Step 15100 | loss: 0.144038 | mse: 0.1208 | dst: 0.0751 | lr: 8.12e-05 | 12665s
Step 15200 | loss: 0.136901 | mse: 0.1333 | dst: 0.0864 | lr: 8.10e-05 | 12743s
Step 15300 | loss: 0.119223 | mse: 0.0776 | dst: 0.0485 | lr: 8.08e-05 | 12822s
Step 15400 | loss: 0.157617 | mse: 0.1400 | dst: 0.0815 | lr: 8.05e-05 | 12900s
Step 15500 | loss: 0.134352 | mse: 0.1277 | dst: 0.0787 | lr: 8.03e-05 | 12978s
Step 15600 | loss: 0.151045 | mse: 0.0912 | dst: 0.0587 | lr: 8.01e-05 | 13057s
Step 15700 | loss: 0.116347 | mse: 0.0933 | dst: 0.0558 | lr: 7.98e-05 | 13135s
Step 15800 | loss: 0.136438 | mse: 0.1257 | dst: 0.0791 | lr: 7.96e-05 | 13214s
Step 15900 | loss: 0.103365 | mse: 0.1004 | dst: 0.0645 | lr: 7.94e-05 | 13292s
Step 16000 | loss: 0.134438 | mse: 0.1025 | dst: 0.0652 | lr: 7.91e-05 | 13372s
         >>> Train Centroid RMSE (50): 7.0747 A | Test Centroid RMSE (100): 11.8899 A
         >>> Saved plot: outputs/stage1_10M\plots\step_016000.png
Step 16100 | loss: 0.116522 | mse: 0.0937 | dst: 0.0602 | lr: 7.89e-05 | 13562s
Step 16200 | loss: 0.151836 | mse: 0.1468 | dst: 0.0880 | lr: 7.86e-05 | 13642s
Step 16300 | loss: 0.108591 | mse: 0.0905 | dst: 0.0597 | lr: 7.84e-05 | 13720s
Step 16400 | loss: 0.119185 | mse: 0.1235 | dst: 0.0756 | lr: 7.81e-05 | 13799s
Step 16500 | loss: 0.109522 | mse: 0.1178 | dst: 0.0673 | lr: 7.79e-05 | 13877s
Step 16600 | loss: 0.128896 | mse: 0.1226 | dst: 0.0753 | lr: 7.77e-05 | 13957s
Step 16700 | loss: 0.106622 | mse: 0.1013 | dst: 0.0637 | lr: 7.74e-05 | 14034s
Step 16800 | loss: 0.113714 | mse: 0.1103 | dst: 0.0662 | lr: 7.72e-05 | 14113s
Step 16900 | loss: 0.146434 | mse: 0.1707 | dst: 0.0873 | lr: 7.69e-05 | 14193s
Step 17000 | loss: 0.117295 | mse: 0.1221 | dst: 0.0774 | lr: 7.67e-05 | 14270s
Step 17100 | loss: 0.143904 | mse: 0.1206 | dst: 0.0721 | lr: 7.64e-05 | 14349s
Step 17200 | loss: 0.124646 | mse: 0.1338 | dst: 0.0825 | lr: 7.62e-05 | 14427s
Step 17300 | loss: 0.130952 | mse: 0.1423 | dst: 0.0781 | lr: 7.59e-05 | 14505s
Step 17400 | loss: 0.132931 | mse: 0.1265 | dst: 0.0810 | lr: 7.57e-05 | 14585s
Step 17500 | loss: 0.134120 | mse: 0.1618 | dst: 0.0937 | lr: 7.54e-05 | 14663s
Step 17600 | loss: 0.141082 | mse: 0.1068 | dst: 0.0661 | lr: 7.52e-05 | 14742s
Step 17700 | loss: 0.114811 | mse: 0.0993 | dst: 0.0623 | lr: 7.49e-05 | 14822s
Step 17800 | loss: 0.125035 | mse: 0.1251 | dst: 0.0738 | lr: 7.47e-05 | 14900s
Step 17900 | loss: 0.146509 | mse: 0.1600 | dst: 0.0931 | lr: 7.44e-05 | 14979s
Step 18000 | loss: 0.121465 | mse: 0.1118 | dst: 0.0711 | lr: 7.42e-05 | 15058s
         >>> Train Centroid RMSE (50): 7.4587 A | Test Centroid RMSE (100): 11.5800 A
         >>> Saved plot: outputs/stage1_10M\plots\step_018000.png
Step 18100 | loss: 0.117228 | mse: 0.1028 | dst: 0.0656 | lr: 7.39e-05 | 15247s
Step 18200 | loss: 0.129834 | mse: 0.1288 | dst: 0.0798 | lr: 7.36e-05 | 15326s
Step 18300 | loss: 0.130084 | mse: 0.1089 | dst: 0.0705 | lr: 7.34e-05 | 15405s
Step 18400 | loss: 0.126840 | mse: 0.1195 | dst: 0.0730 | lr: 7.31e-05 | 15482s
Step 18500 | loss: 0.114355 | mse: 0.1040 | dst: 0.0649 | lr: 7.29e-05 | 15561s
Step 18600 | loss: 0.129035 | mse: 0.1405 | dst: 0.0818 | lr: 7.26e-05 | 15639s
Step 18700 | loss: 0.155353 | mse: 0.1552 | dst: 0.0887 | lr: 7.24e-05 | 15718s
Step 18800 | loss: 0.096993 | mse: 0.0898 | dst: 0.0540 | lr: 7.21e-05 | 15797s
Step 18900 | loss: 0.119201 | mse: 0.0893 | dst: 0.0556 | lr: 7.18e-05 | 15874s
Step 19000 | loss: 0.108722 | mse: 0.1128 | dst: 0.0707 | lr: 7.16e-05 | 15953s
Step 19100 | loss: 0.127565 | mse: 0.1367 | dst: 0.0742 | lr: 7.13e-05 | 16032s
Step 19200 | loss: 0.141692 | mse: 0.1358 | dst: 0.0749 | lr: 7.10e-05 | 16111s
Step 19300 | loss: 0.114944 | mse: 0.1038 | dst: 0.0573 | lr: 7.08e-05 | 16190s
Step 19400 | loss: 0.137090 | mse: 0.1289 | dst: 0.0830 | lr: 7.05e-05 | 16270s
Step 19500 | loss: 0.111092 | mse: 0.1017 | dst: 0.0656 | lr: 7.02e-05 | 16350s
Step 19600 | loss: 0.104285 | mse: 0.1123 | dst: 0.0675 | lr: 7.00e-05 | 16429s
Step 19700 | loss: 0.114157 | mse: 0.1090 | dst: 0.0666 | lr: 6.97e-05 | 16507s
Step 19800 | loss: 0.140060 | mse: 0.1549 | dst: 0.0870 | lr: 6.94e-05 | 16586s
Step 19900 | loss: 0.105417 | mse: 0.0956 | dst: 0.0598 | lr: 6.92e-05 | 16665s
Step 20000 | loss: 0.104287 | mse: 0.1030 | dst: 0.0658 | lr: 6.89e-05 | 16743s
         >>> Train Centroid RMSE (50): 7.7809 A | Test Centroid RMSE (100): 11.4069 A
         >>> Saved plot: outputs/stage1_10M\plots\step_020000.png
Step 20100 | loss: 0.124046 | mse: 0.1142 | dst: 0.0751 | lr: 6.86e-05 | 16931s
Step 20200 | loss: 0.107691 | mse: 0.0972 | dst: 0.0619 | lr: 6.84e-05 | 17010s
Step 20300 | loss: 0.128202 | mse: 0.1113 | dst: 0.0699 | lr: 6.81e-05 | 17089s
Step 20400 | loss: 0.102966 | mse: 0.0981 | dst: 0.0607 | lr: 6.78e-05 | 17167s
Step 20500 | loss: 0.108919 | mse: 0.1376 | dst: 0.0763 | lr: 6.76e-05 | 17244s
Step 20600 | loss: 0.128474 | mse: 0.1158 | dst: 0.0696 | lr: 6.73e-05 | 17323s
Step 20700 | loss: 0.121098 | mse: 0.1144 | dst: 0.0652 | lr: 6.70e-05 | 17402s
Step 20800 | loss: 0.110158 | mse: 0.1067 | dst: 0.0677 | lr: 6.67e-05 | 17480s
Step 20900 | loss: 0.114046 | mse: 0.1216 | dst: 0.0707 | lr: 6.65e-05 | 17558s
Step 21000 | loss: 0.104610 | mse: 0.1149 | dst: 0.0730 | lr: 6.62e-05 | 17636s
Step 21100 | loss: 0.104284 | mse: 0.1047 | dst: 0.0605 | lr: 6.59e-05 | 17715s
Step 21200 | loss: 0.132927 | mse: 0.1535 | dst: 0.0814 | lr: 6.56e-05 | 17794s
Step 21300 | loss: 0.127297 | mse: 0.1343 | dst: 0.0786 | lr: 6.54e-05 | 17873s
Step 21400 | loss: 0.106334 | mse: 0.0925 | dst: 0.0545 | lr: 6.51e-05 | 17952s
Step 21500 | loss: 0.106253 | mse: 0.1038 | dst: 0.0601 | lr: 6.48e-05 | 18031s
Step 21600 | loss: 0.106289 | mse: 0.1143 | dst: 0.0678 | lr: 6.45e-05 | 18109s
Step 21700 | loss: 0.108049 | mse: 0.0926 | dst: 0.0547 | lr: 6.43e-05 | 18188s
Step 21800 | loss: 0.106304 | mse: 0.1165 | dst: 0.0700 | lr: 6.40e-05 | 18266s
Step 21900 | loss: 0.120903 | mse: 0.1062 | dst: 0.0616 | lr: 6.37e-05 | 18343s
Step 22000 | loss: 0.121663 | mse: 0.1291 | dst: 0.0752 | lr: 6.34e-05 | 18423s
         >>> Train Centroid RMSE (50): 7.4831 A | Test Centroid RMSE (100): 10.5043 A
         >>> Saved plot: outputs/stage1_10M\plots\step_022000.png
         >>> New best test RMSE! Saved.
Step 22100 | loss: 0.121402 | mse: 0.1227 | dst: 0.0701 | lr: 6.32e-05 | 18616s
Step 22200 | loss: 0.099576 | mse: 0.1071 | dst: 0.0661 | lr: 6.29e-05 | 18694s
Step 22300 | loss: 0.122484 | mse: 0.0970 | dst: 0.0554 | lr: 6.26e-05 | 18772s
Step 22400 | loss: 0.099097 | mse: 0.0931 | dst: 0.0519 | lr: 6.23e-05 | 18851s
Step 22500 | loss: 0.124983 | mse: 0.1254 | dst: 0.0767 | lr: 6.20e-05 | 18930s
Step 22600 | loss: 0.103864 | mse: 0.0997 | dst: 0.0620 | lr: 6.18e-05 | 19008s
Step 22700 | loss: 0.092943 | mse: 0.0916 | dst: 0.0587 | lr: 6.15e-05 | 19087s
Step 22800 | loss: 0.118712 | mse: 0.1072 | dst: 0.0633 | lr: 6.12e-05 | 19164s
Step 22900 | loss: 0.105184 | mse: 0.1015 | dst: 0.0580 | lr: 6.09e-05 | 19242s
Step 23000 | loss: 0.101346 | mse: 0.0858 | dst: 0.0524 | lr: 6.06e-05 | 19320s
Step 23100 | loss: 0.091453 | mse: 0.0886 | dst: 0.0525 | lr: 6.04e-05 | 19399s
Step 23200 | loss: 0.112406 | mse: 0.1063 | dst: 0.0648 | lr: 6.01e-05 | 19478s
Step 23300 | loss: 0.090817 | mse: 0.0872 | dst: 0.0533 | lr: 5.98e-05 | 19557s
Step 23400 | loss: 0.089777 | mse: 0.0825 | dst: 0.0446 | lr: 5.95e-05 | 19636s
Step 23500 | loss: 0.084866 | mse: 0.0796 | dst: 0.0495 | lr: 5.92e-05 | 19715s
Step 23600 | loss: 0.092207 | mse: 0.0840 | dst: 0.0488 | lr: 5.90e-05 | 19794s
Step 23700 | loss: 0.086189 | mse: 0.0842 | dst: 0.0444 | lr: 5.87e-05 | 19872s
Step 23800 | loss: 0.115030 | mse: 0.1179 | dst: 0.0646 | lr: 5.84e-05 | 19950s
Step 23900 | loss: 0.088535 | mse: 0.0842 | dst: 0.0521 | lr: 5.81e-05 | 20028s
Step 24000 | loss: 0.128896 | mse: 0.1297 | dst: 0.0815 | lr: 5.78e-05 | 20107s
         >>> Train Centroid RMSE (50): 6.4520 A | Test Centroid RMSE (100): 11.7169 A
         >>> Saved plot: outputs/stage1_10M\plots\step_024000.png
Step 24100 | loss: 0.073643 | mse: 0.0701 | dst: 0.0474 | lr: 5.75e-05 | 20297s
Step 24200 | loss: 0.092665 | mse: 0.0838 | dst: 0.0517 | lr: 5.73e-05 | 20375s
Step 24300 | loss: 0.102191 | mse: 0.1059 | dst: 0.0579 | lr: 5.70e-05 | 20454s
Step 24400 | loss: 0.094620 | mse: 0.0870 | dst: 0.0509 | lr: 5.67e-05 | 20532s
Step 24500 | loss: 0.099544 | mse: 0.0748 | dst: 0.0485 | lr: 5.64e-05 | 20611s
Step 24600 | loss: 0.090881 | mse: 0.0759 | dst: 0.0474 | lr: 5.61e-05 | 20690s
Step 24700 | loss: 0.096022 | mse: 0.0745 | dst: 0.0483 | lr: 5.58e-05 | 20769s
Step 24800 | loss: 0.104686 | mse: 0.0971 | dst: 0.0594 | lr: 5.56e-05 | 20848s
Step 24900 | loss: 0.083492 | mse: 0.0795 | dst: 0.0468 | lr: 5.53e-05 | 20927s
Step 25000 | loss: 0.091932 | mse: 0.0761 | dst: 0.0475 | lr: 5.50e-05 | 21006s
Step 25100 | loss: 0.109111 | mse: 0.0995 | dst: 0.0573 | lr: 5.47e-05 | 21084s
Step 25200 | loss: 0.087732 | mse: 0.0872 | dst: 0.0535 | lr: 5.44e-05 | 21163s
Step 25300 | loss: 0.115884 | mse: 0.1008 | dst: 0.0567 | lr: 5.42e-05 | 21241s
Step 25400 | loss: 0.114108 | mse: 0.1362 | dst: 0.0756 | lr: 5.39e-05 | 21320s
Step 25500 | loss: 0.074884 | mse: 0.0875 | dst: 0.0528 | lr: 5.36e-05 | 21397s
Step 25600 | loss: 0.096997 | mse: 0.0854 | dst: 0.0544 | lr: 5.33e-05 | 21477s
Step 25700 | loss: 0.095404 | mse: 0.0876 | dst: 0.0494 | lr: 5.30e-05 | 21555s
Step 25800 | loss: 0.132203 | mse: 0.1437 | dst: 0.0739 | lr: 5.27e-05 | 21633s
Step 25900 | loss: 0.083557 | mse: 0.0896 | dst: 0.0543 | lr: 5.25e-05 | 21712s
Step 26000 | loss: 0.086523 | mse: 0.0744 | dst: 0.0390 | lr: 5.22e-05 | 21791s
         >>> Train Centroid RMSE (50): 7.3065 A | Test Centroid RMSE (100): 11.1460 A
         >>> Saved plot: outputs/stage1_10M\plots\step_026000.png
Step 26100 | loss: 0.074921 | mse: 0.0672 | dst: 0.0432 | lr: 5.19e-05 | 21978s
Step 26200 | loss: 0.137527 | mse: 0.1387 | dst: 0.0791 | lr: 5.16e-05 | 22057s
Step 26300 | loss: 0.091243 | mse: 0.1069 | dst: 0.0633 | lr: 5.13e-05 | 22135s
Step 26400 | loss: 0.091081 | mse: 0.0905 | dst: 0.0528 | lr: 5.10e-05 | 22213s
Step 26500 | loss: 0.090423 | mse: 0.0915 | dst: 0.0502 | lr: 5.08e-05 | 22292s
Step 26600 | loss: 0.081932 | mse: 0.0827 | dst: 0.0452 | lr: 5.05e-05 | 22371s
Step 26700 | loss: 0.097387 | mse: 0.0879 | dst: 0.0528 | lr: 5.02e-05 | 22450s
Step 26800 | loss: 0.094059 | mse: 0.0791 | dst: 0.0478 | lr: 4.99e-05 | 22528s
Step 26900 | loss: 0.108209 | mse: 0.0987 | dst: 0.0514 | lr: 4.96e-05 | 22607s
Step 27000 | loss: 0.111208 | mse: 0.1056 | dst: 0.0587 | lr: 4.94e-05 | 22685s
Step 27100 | loss: 0.084208 | mse: 0.0697 | dst: 0.0451 | lr: 4.91e-05 | 22763s
Step 27200 | loss: 0.094600 | mse: 0.1001 | dst: 0.0568 | lr: 4.88e-05 | 22842s
Step 27300 | loss: 0.096302 | mse: 0.1076 | dst: 0.0584 | lr: 4.85e-05 | 22920s
Step 27400 | loss: 0.080638 | mse: 0.0662 | dst: 0.0418 | lr: 4.82e-05 | 22999s
Step 27500 | loss: 0.098418 | mse: 0.0917 | dst: 0.0531 | lr: 4.80e-05 | 23078s
Step 27600 | loss: 0.071555 | mse: 0.0659 | dst: 0.0423 | lr: 4.77e-05 | 23155s
Step 27700 | loss: 0.100981 | mse: 0.0868 | dst: 0.0556 | lr: 4.74e-05 | 23233s
Step 27800 | loss: 0.083483 | mse: 0.0726 | dst: 0.0448 | lr: 4.71e-05 | 23313s
Step 27900 | loss: 0.071534 | mse: 0.0679 | dst: 0.0432 | lr: 4.68e-05 | 23390s
Step 28000 | loss: 0.068793 | mse: 0.0661 | dst: 0.0411 | lr: 4.66e-05 | 23468s
         >>> Train Centroid RMSE (50): 6.6826 A | Test Centroid RMSE (100): 11.2965 A
         >>> Saved plot: outputs/stage1_10M\plots\step_028000.png
Step 28100 | loss: 0.092381 | mse: 0.0890 | dst: 0.0502 | lr: 4.63e-05 | 23657s
Step 28200 | loss: 0.106544 | mse: 0.1066 | dst: 0.0587 | lr: 4.60e-05 | 23737s
Step 28300 | loss: 0.106052 | mse: 0.0849 | dst: 0.0514 | lr: 4.57e-05 | 23815s
Step 28400 | loss: 0.075631 | mse: 0.0887 | dst: 0.0548 | lr: 4.55e-05 | 23893s
Step 28500 | loss: 0.092955 | mse: 0.0816 | dst: 0.0470 | lr: 4.52e-05 | 23972s
Step 28600 | loss: 0.084222 | mse: 0.0894 | dst: 0.0509 | lr: 4.49e-05 | 24050s
Step 28700 | loss: 0.097723 | mse: 0.1146 | dst: 0.0688 | lr: 4.46e-05 | 24129s
Step 28800 | loss: 0.076819 | mse: 0.0758 | dst: 0.0476 | lr: 4.44e-05 | 24207s
Step 28900 | loss: 0.078314 | mse: 0.0906 | dst: 0.0560 | lr: 4.41e-05 | 24286s
Step 29000 | loss: 0.069006 | mse: 0.0600 | dst: 0.0373 | lr: 4.38e-05 | 24366s
Step 29100 | loss: 0.089744 | mse: 0.0735 | dst: 0.0437 | lr: 4.35e-05 | 24446s
Step 29200 | loss: 0.103656 | mse: 0.0781 | dst: 0.0479 | lr: 4.33e-05 | 24524s
Step 29300 | loss: 0.104776 | mse: 0.1071 | dst: 0.0509 | lr: 4.30e-05 | 24602s
Step 29400 | loss: 0.089759 | mse: 0.0794 | dst: 0.0486 | lr: 4.27e-05 | 24680s
