======================================================================
IterFold Training (Anchor-Conditioned Structure Prediction)
======================================================================
Started: 2026-01-28 20:25:09
Command: python scripts/train_iterfold.py --n_train 100 --n_test 20 --n_eval_train 50 --n_steps 5000 --eval_every 500 --batch_size 32 --grad_accum 1 --lr 1e-4 --use_frame_decoder --c_atom 128 --decoder_layers 4 --trunk_layers 6 --centroid_weight 1.0 --dist_weight 5.0 --geom_weight 0.1 --min_atoms 100 --max_atoms 600 --rotation_augment --mask_ratio_min 0.5 --mask_ratio_max 1.0 --output_dir outputs/frame_decoder_v2

Configuration:
  c_token:          256
  trunk_layers:     6
  decoder_layers:   4
  n_atom_layers:    8
  batch_size:       32
  grad_accum:       1
  eff_batch:        32
  n_steps:          5000
  lr:               0.0001

Masking:
  mask_ratio:       [0.5, 1.0] (uniform sampling)

Auxiliary losses:
  geom_weight:      0.1
  dist_weight:      5.0

Augmentation:
  rotation_augment: True

Device: cuda
  GPU: NVIDIA GeForce RTX 4070 Ti SUPER

Data: 100 train, 20 test
Preloading samples...
  Loaded 120 samples

Model: IterFold
  Total params:   8,383,881
  Trunk params:   4,892,288 (58.4%)
  Decoder params: 3,491,593 (41.6%)

Optimizer: AdamW, 8,383,881 trainable params
Geometry loss: GeometryLoss(active=['bond_length', 'bond_angle', 'omega', 'o_chirality'])
Training for 5000 steps...
======================================================================
Step   100 | loss: 13.1203 | mse: 5.8300 | dist: 5.1965 | geom: 1.1787 | m%: 0.63 | lr: 9.99e-05 | 7s
Step   200 | loss: 10.8782 | mse: 5.2138 | dist: 3.9720 | geom: 1.1053 | m%: 0.90 | lr: 9.96e-05 | 14s
Step   300 | loss: 9.1029 | mse: 4.3858 | dist: 3.4013 | geom: 1.0656 | m%: 0.85 | lr: 9.91e-05 | 21s
Step   400 | loss: 7.5611 | mse: 4.0047 | dist: 2.4640 | geom: 1.0614 | m%: 0.77 | lr: 9.84e-05 | 27s
Step   500 | loss: 6.4417 | mse: 3.4683 | dist: 2.1488 | geom: 1.0717 | m%: 0.99 | lr: 9.76e-05 | 34s
         >>> Train (50): RMSE=13.68Å
         >>> Test (20):  RMSE=17.49Å | DockQ=0.062
         >>> Saved plot: outputs/frame_decoder_v2\plots\step_000500.png
         >>> New best! Saved., DockQ=0.062
Step   600 | loss: 5.0871 | mse: 3.0658 | dist: 1.3887 | geom: 1.0621 | m%: 0.54 | lr: 9.65e-05 | 42s
Step   700 | loss: 4.5570 | mse: 2.8397 | dist: 1.2052 | geom: 1.0483 | m%: 0.95 | lr: 9.53e-05 | 48s
Step   800 | loss: 3.5117 | mse: 2.5144 | dist: 0.6402 | geom: 1.0415 | m%: 0.83 | lr: 9.39e-05 | 55s
Step   900 | loss: 3.8818 | mse: 2.6606 | dist: 0.8077 | geom: 1.0461 | m%: 0.70 | lr: 9.23e-05 | 61s
Step  1000 | loss: 3.4277 | mse: 2.4924 | dist: 0.5929 | geom: 1.0391 | m%: 0.61 | lr: 9.05e-05 | 68s
         >>> Train (50): RMSE=11.83Å
         >>> Test (20):  RMSE=16.91Å | DockQ=0.052
         >>> Saved plot: outputs/frame_decoder_v2\plots\step_001000.png
         >>> New best! Saved., DockQ=0.052
Step  1100 | loss: 3.3632 | mse: 2.4759 | dist: 0.5276 | geom: 1.0358 | m%: 0.90 | lr: 8.86e-05 | 76s
Step  1200 | loss: 3.1039 | mse: 2.3568 | dist: 0.4650 | geom: 1.0336 | m%: 0.79 | lr: 8.66e-05 | 82s
Step  1300 | loss: 3.2131 | mse: 2.4317 | dist: 0.4518 | geom: 1.0313 | m%: 0.85 | lr: 8.44e-05 | 89s
Step  1400 | loss: 2.6791 | mse: 2.1933 | dist: 0.2887 | geom: 1.0269 | m%: 0.65 | lr: 8.21e-05 | 96s
Step  1500 | loss: 2.8508 | mse: 2.2032 | dist: 0.4108 | geom: 1.0231 | m%: 0.95 | lr: 7.96e-05 | 103s
         >>> Train (50): RMSE=11.11Å
         >>> Test (20):  RMSE=16.86Å | DockQ=0.049
         >>> Saved plot: outputs/frame_decoder_v2\plots\step_001500.png
         >>> New best! Saved., DockQ=0.049
Step  1600 | loss: 2.7506 | mse: 2.2034 | dist: 0.3317 | geom: 1.0235 | m%: 0.86 | lr: 7.70e-05 | 111s
Step  1700 | loss: 2.8896 | mse: 2.2846 | dist: 0.3518 | geom: 1.0249 | m%: 0.82 | lr: 7.43e-05 | 117s
Step  1800 | loss: 2.7555 | mse: 2.2452 | dist: 0.3005 | geom: 1.0309 | m%: 0.52 | lr: 7.16e-05 | 124s
Step  1900 | loss: 2.2982 | mse: 2.0531 | dist: 0.1090 | geom: 1.0216 | m%: 0.74 | lr: 6.87e-05 | 131s
Step  2000 | loss: 2.8299 | mse: 2.2212 | dist: 0.3835 | geom: 1.0251 | m%: 0.81 | lr: 6.58e-05 | 138s
         >>> Train (50): RMSE=10.77Å
         >>> Test (20):  RMSE=16.87Å | DockQ=0.074
         >>> Saved plot: outputs/frame_decoder_v2\plots\step_002000.png
Step  2100 | loss: 2.7649 | mse: 2.2755 | dist: 0.2810 | geom: 1.0257 | m%: 0.87 | lr: 6.28e-05 | 146s
Step  2200 | loss: 2.6938 | mse: 2.1864 | dist: 0.3031 | geom: 1.0218 | m%: 0.79 | lr: 5.98e-05 | 152s
Step  2300 | loss: 2.4396 | mse: 2.1173 | dist: 0.1492 | geom: 1.0225 | m%: 0.65 | lr: 5.67e-05 | 159s
Step  2400 | loss: 2.3248 | mse: 2.0767 | dist: 0.1049 | geom: 1.0261 | m%: 0.54 | lr: 5.36e-05 | 166s
Step  2500 | loss: 2.6492 | mse: 2.2221 | dist: 0.2386 | geom: 1.0251 | m%: 0.65 | lr: 5.05e-05 | 173s
         >>> Train (50): RMSE=10.74Å
         >>> Test (20):  RMSE=16.85Å | DockQ=0.065
         >>> Saved plot: outputs/frame_decoder_v2\plots\step_002500.png
         >>> New best! Saved., DockQ=0.065
Step  2600 | loss: 2.4301 | mse: 2.1169 | dist: 0.1494 | geom: 1.0246 | m%: 0.91 | lr: 4.74e-05 | 181s
Step  2700 | loss: 2.6637 | mse: 2.1785 | dist: 0.2708 | geom: 1.0235 | m%: 0.81 | lr: 4.43e-05 | 188s
Step  2800 | loss: 2.4151 | mse: 2.1031 | dist: 0.1530 | geom: 1.0231 | m%: 0.59 | lr: 4.12e-05 | 195s
Step  2900 | loss: 2.3010 | mse: 2.0946 | dist: 0.0704 | geom: 1.0204 | m%: 0.76 | lr: 3.82e-05 | 201s
Step  3000 | loss: 2.2922 | mse: 2.0550 | dist: 0.0917 | geom: 1.0224 | m%: 0.53 | lr: 3.52e-05 | 208s
         >>> Train (50): RMSE=10.76Å
         >>> Test (20):  RMSE=16.84Å | DockQ=0.072
         >>> Saved plot: outputs/frame_decoder_v2\plots\step_003000.png
         >>> New best! Saved., DockQ=0.072
Step  3100 | loss: 2.2549 | mse: 2.0332 | dist: 0.0868 | geom: 1.0237 | m%: 0.99 | lr: 3.23e-05 | 216s
Step  3200 | loss: 2.3295 | mse: 2.0757 | dist: 0.0974 | geom: 1.0258 | m%: 0.63 | lr: 2.94e-05 | 223s
Step  3300 | loss: 2.2749 | mse: 2.0301 | dist: 0.1006 | geom: 1.0216 | m%: 0.74 | lr: 2.67e-05 | 230s
Step  3400 | loss: 2.1955 | mse: 1.9944 | dist: 0.0707 | geom: 1.0240 | m%: 0.66 | lr: 2.40e-05 | 237s
Step  3500 | loss: 2.1921 | mse: 2.0051 | dist: 0.0615 | geom: 1.0228 | m%: 0.72 | lr: 2.14e-05 | 244s
         >>> Train (50): RMSE=10.91Å
         >>> Test (20):  RMSE=16.86Å | DockQ=0.074
         >>> Saved plot: outputs/frame_decoder_v2\plots\step_003500.png
Step  3600 | loss: 2.2247 | mse: 2.0243 | dist: 0.0702 | geom: 1.0217 | m%: 0.59 | lr: 1.89e-05 | 252s
Step  3700 | loss: 2.3029 | mse: 2.0467 | dist: 0.1149 | geom: 1.0263 | m%: 0.73 | lr: 1.66e-05 | 259s
Step  3800 | loss: 2.3419 | mse: 2.0683 | dist: 0.1199 | geom: 1.0283 | m%: 0.76 | lr: 1.44e-05 | 265s
Step  3900 | loss: 2.1643 | mse: 1.9801 | dist: 0.0566 | geom: 1.0216 | m%: 0.78 | lr: 1.24e-05 | 272s
Step  4000 | loss: 2.3180 | mse: 2.0222 | dist: 0.1443 | geom: 1.0239 | m%: 0.87 | lr: 1.05e-05 | 279s
         >>> Train (50): RMSE=10.73Å
         >>> Test (20):  RMSE=16.90Å | DockQ=0.068
         >>> Saved plot: outputs/frame_decoder_v2\plots\step_004000.png
