======================================================================
IterFold Training (Anchor-Conditioned Structure Prediction)
======================================================================
Started: 2026-01-29 23:09:44
Command: python scripts/train_iterfold.py --n_train 20 --n_test 5 --n_steps 2000 --eval_every 500 --batch_size 8 --use_geometric_decoder --output_dir outputs/iterfold_v5

Configuration:
  c_token:          256
  trunk_layers:     9
  decoder_layers:   12
  n_atom_layers:    8
  batch_size:       8
  grad_accum:       4
  eff_batch:        32
  n_steps:          2000
  lr:               0.0001

Masking:
  mask_ratio:       [0.5, 1.0] (uniform sampling)

Auxiliary losses:
  geom_weight:      1.0
  dist_weight:      1.0

Augmentation:
  rotation_augment: True

Device: cuda
  GPU: NVIDIA GeForce RTX 4070 Ti SUPER

Data: 20 train, 5 test
Preloading samples...
  Loaded 25 samples

Model: IterFold
  Total params:   9,693,583
  Trunk params:   7,261,568 (74.9%)
  Decoder params: 2,432,015 (25.1%)

Optimizer: AdamW, 9,693,583 trainable params
Geometry loss: GeometryLoss(active=['bond_length', 'bond_angle', 'omega', 'o_chirality'])
Training for 2000 steps...
======================================================================
Step   100 | loss: 8.4520 | mse: 4.6303 | dist: 1.7236 | geom: 0.7565 | m%: 0.60 | lr: 9.94e-05 | 40s
Step   200 | loss: 6.3317 | mse: 3.4750 | dist: 1.8031 | geom: 0.6970 | m%: 0.63 | lr: 9.76e-05 | 81s
Step   300 | loss: 5.7367 | mse: 3.4699 | dist: 1.5268 | geom: 0.7346 | m%: 0.57 | lr: 9.46e-05 | 127s
Step   400 | loss: 5.2530 | mse: 3.1131 | dist: 1.1835 | geom: 0.7422 | m%: 0.55 | lr: 9.05e-05 | 168s
Step   500 | loss: 4.4022 | mse: 1.9516 | dist: 1.4502 | geom: 0.4670 | m%: 0.89 | lr: 8.55e-05 | 208s
         >>> Train (20): RMSE=15.38Å
         >>> Test (5):  RMSE=13.77Å | DockQ=0.115
         >>> Saved plot: outputs/iterfold_v5\plots\step_000500.png
         >>> New best! Saved., DockQ=0.115
Step   600 | loss: 2.5957 | mse: 1.3856 | dist: 0.6921 | geom: 0.4390 | m%: 0.70 | lr: 7.96e-05 | 269s
Step   700 | loss: 1.8322 | mse: 0.6726 | dist: 0.8313 | geom: 0.2062 | m%: 0.91 | lr: 7.30e-05 | 309s
Step   800 | loss: 1.2735 | mse: 0.3520 | dist: 0.3970 | geom: 0.1810 | m%: 0.87 | lr: 6.58e-05 | 350s
Step   900 | loss: 1.1861 | mse: 0.5582 | dist: 0.4900 | geom: 0.1867 | m%: 0.83 | lr: 5.82e-05 | 390s
Step  1000 | loss: 0.9186 | mse: 0.5322 | dist: 0.2125 | geom: 0.2223 | m%: 0.65 | lr: 5.05e-05 | 430s
         >>> Train (20): RMSE=14.34Å
         >>> Test (5):  RMSE=13.96Å | DockQ=0.029
         >>> Saved plot: outputs/iterfold_v5\plots\step_001000.png
Step  1100 | loss: 1.1248 | mse: 0.5007 | dist: 0.8948 | geom: 0.1408 | m%: 0.92 | lr: 4.28e-05 | 517s
Step  1200 | loss: 0.9374 | mse: 0.4019 | dist: 0.2967 | geom: 0.1506 | m%: 0.80 | lr: 3.52e-05 | 557s
Step  1300 | loss: 1.1681 | mse: 0.3777 | dist: 0.9707 | geom: 0.1313 | m%: 0.94 | lr: 2.80e-05 | 598s
Step  1400 | loss: 0.8138 | mse: 0.4248 | dist: 0.3774 | geom: 0.1565 | m%: 0.73 | lr: 2.14e-05 | 638s
Step  1500 | loss: 0.9634 | mse: 0.4662 | dist: 0.3435 | geom: 0.1308 | m%: 0.82 | lr: 1.55e-05 | 679s
         >>> Train (20): RMSE=15.04Å
         >>> Test (5):  RMSE=13.89Å | DockQ=0.077
         >>> Saved plot: outputs/iterfold_v5\plots\step_001500.png
