======================================================================
IterFold Training (Anchor-Conditioned Structure Prediction)
======================================================================
Started: 2026-01-28 19:05:47
Command: python scripts/train_iterfold.py --n_train 100 --n_test 20 --n_eval_train 50 --n_steps 5000 --eval_every 500 --batch_size 32 --grad_accum 1 --lr 1e-4 --output_dir outputs/iterfold_geom_decoder --c_token 256 --trunk_layers 6 --decoder_layers 6 --c_atom 128 --min_atoms 100 --max_atoms 600 --rotation_augment --mask_ratio_min 0.5 --mask_ratio_max 1.0 --geom_weight 1.0 --dist_weight 5.0 --use_geometric_decoder

Configuration:
  c_token:          256
  trunk_layers:     6
  decoder_layers:   6
  n_atom_layers:    8
  batch_size:       32
  grad_accum:       1
  eff_batch:        32
  n_steps:          5000
  lr:               0.0001

Masking:
  mask_ratio:       [0.5, 1.0] (uniform sampling)

Auxiliary losses:
  geom_weight:      1.0
  dist_weight:      5.0

Augmentation:
  rotation_augment: True

Device: cuda
  GPU: NVIDIA GeForce RTX 4070 Ti SUPER

Data: 100 train, 20 test
Preloading samples...
  Loaded 120 samples

Model: IterFold
  Total params:   6,133,904
  Trunk params:   4,892,288 (79.8%)
  Decoder params: 1,241,616 (20.2%)

Optimizer: AdamW, 6,133,904 trainable params
Geometry loss: GeometryLoss(active=['bond_length', 'bond_angle', 'omega', 'o_chirality'])
Training for 5000 steps...
======================================================================
Step   100 | loss: 19.1698 | mse: 6.7516 | dist: 12.1089 | geom: 0.3094 | m%: 0.98 | lr: 9.99e-05 | 58s
Step   200 | loss: 13.5977 | mse: 5.1506 | dist: 7.9984 | geom: 0.4487 | m%: 0.92 | lr: 9.96e-05 | 113s
Step   300 | loss: 8.9693 | mse: 3.3391 | dist: 5.0281 | geom: 0.6021 | m%: 0.57 | lr: 9.91e-05 | 170s
Step   400 | loss: 11.4308 | mse: 5.8871 | dist: 5.3150 | geom: 0.2286 | m%: 0.99 | lr: 9.84e-05 | 225s
Step   500 | loss: 7.0034 | mse: 2.7481 | dist: 3.7523 | geom: 0.5031 | m%: 0.66 | lr: 9.76e-05 | 281s
         >>> Train (50): RMSE=12.88Å
         >>> Test (20):  RMSE=14.33Å | DockQ=0.023
         >>> Saved plot: outputs/iterfold_geom_decoder\plots\step_000500.png
         >>> New best! Saved., DockQ=0.023
Step   600 | loss: 6.0646 | mse: 2.5260 | dist: 3.1462 | geom: 0.3923 | m%: 0.74 | lr: 9.65e-05 | 339s
Step   700 | loss: 4.7823 | mse: 2.0548 | dist: 2.5078 | geom: 0.2197 | m%: 0.96 | lr: 9.53e-05 | 396s
Step   800 | loss: 2.9808 | mse: 1.1780 | dist: 1.4990 | geom: 0.3038 | m%: 0.62 | lr: 9.39e-05 | 451s
Step   900 | loss: 1.3683 | mse: 0.0000 | dist: 1.2089 | geom: 0.1594 | m%: 1.00 | lr: 9.23e-05 | 503s
Step  1000 | loss: 2.2594 | mse: 0.9413 | dist: 1.0967 | geom: 0.2214 | m%: 0.78 | lr: 9.05e-05 | 542s
         >>> Train (50): RMSE=6.24Å
         >>> Test (20):  RMSE=13.76Å | DockQ=0.055
         >>> Saved plot: outputs/iterfold_geom_decoder\plots\step_001000.png
         >>> New best! Saved., DockQ=0.055
Step  1100 | loss: 1.9342 | mse: 0.8996 | dist: 0.8679 | geom: 0.1667 | m%: 0.94 | lr: 8.86e-05 | 582s
Step  1200 | loss: 1.2986 | mse: 0.4634 | dist: 0.6530 | geom: 0.1822 | m%: 0.72 | lr: 8.66e-05 | 621s
Step  1300 | loss: 1.0424 | mse: 0.3757 | dist: 0.4879 | geom: 0.1788 | m%: 0.68 | lr: 8.44e-05 | 660s
Step  1400 | loss: 0.8196 | mse: 0.3001 | dist: 0.3644 | geom: 0.1552 | m%: 0.51 | lr: 8.21e-05 | 699s
Step  1500 | loss: 1.0110 | mse: 0.3738 | dist: 0.4868 | geom: 0.1503 | m%: 0.50 | lr: 7.96e-05 | 737s
         >>> Train (50): RMSE=3.53Å
         >>> Test (20):  RMSE=13.73Å | DockQ=0.066
         >>> Saved plot: outputs/iterfold_geom_decoder\plots\step_001500.png
         >>> New best! Saved., DockQ=0.066
Step  1600 | loss: 0.5939 | mse: 0.2101 | dist: 0.2511 | geom: 0.1327 | m%: 0.80 | lr: 7.70e-05 | 777s
Step  1700 | loss: 0.6634 | mse: 0.2373 | dist: 0.3071 | geom: 0.1189 | m%: 0.75 | lr: 7.43e-05 | 816s
Step  1800 | loss: 0.6228 | mse: 0.2343 | dist: 0.2646 | geom: 0.1238 | m%: 0.67 | lr: 7.16e-05 | 854s
Step  1900 | loss: 0.6320 | mse: 0.2658 | dist: 0.2463 | geom: 0.1198 | m%: 0.51 | lr: 6.87e-05 | 893s
Step  2000 | loss: 0.5879 | mse: 0.2494 | dist: 0.2279 | geom: 0.1107 | m%: 0.81 | lr: 6.58e-05 | 932s
         >>> Train (50): RMSE=2.79Å
         >>> Test (20):  RMSE=13.63Å | DockQ=0.076
         >>> Saved plot: outputs/iterfold_geom_decoder\plots\step_002000.png
         >>> New best! Saved., DockQ=0.076
Step  2100 | loss: 0.6527 | mse: 0.2963 | dist: 0.2466 | geom: 0.1098 | m%: 0.83 | lr: 6.28e-05 | 972s
Step  2200 | loss: 0.3176 | mse: 0.1078 | dist: 0.0962 | geom: 0.1137 | m%: 0.72 | lr: 5.98e-05 | 998s
Step  2300 | loss: 0.5087 | mse: 0.1636 | dist: 0.2476 | geom: 0.0975 | m%: 0.91 | lr: 5.67e-05 | 1016s
Step  2400 | loss: 0.5960 | mse: 0.2466 | dist: 0.2508 | geom: 0.0986 | m%: 0.91 | lr: 5.36e-05 | 1035s
Step  2500 | loss: 0.3591 | mse: 0.1422 | dist: 0.1244 | geom: 0.0925 | m%: 0.97 | lr: 5.05e-05 | 1054s
         >>> Train (50): RMSE=2.83Å
         >>> Test (20):  RMSE=13.54Å | DockQ=0.085
         >>> Saved plot: outputs/iterfold_geom_decoder\plots\step_002500.png
         >>> New best! Saved., DockQ=0.085
Step  2600 | loss: 0.5222 | mse: 0.2791 | dist: 0.1268 | geom: 0.1163 | m%: 0.83 | lr: 4.74e-05 | 1074s
Step  2700 | loss: 0.4222 | mse: 0.1643 | dist: 0.1556 | geom: 0.1022 | m%: 0.65 | lr: 4.43e-05 | 1093s
Step  2800 | loss: 0.3003 | mse: 0.1107 | dist: 0.0883 | geom: 0.1014 | m%: 0.52 | lr: 4.12e-05 | 1112s
Step  2900 | loss: 0.2980 | mse: 0.1027 | dist: 0.0911 | geom: 0.1041 | m%: 0.51 | lr: 3.82e-05 | 1130s
Step  3000 | loss: 0.4094 | mse: 0.1289 | dist: 0.1944 | geom: 0.0861 | m%: 0.99 | lr: 3.52e-05 | 1148s
         >>> Train (50): RMSE=2.33Å
         >>> Test (20):  RMSE=13.54Å | DockQ=0.071
         >>> Saved plot: outputs/iterfold_geom_decoder\plots\step_003000.png
         >>> New best! Saved., DockQ=0.071
Step  3100 | loss: 0.3338 | mse: 0.1274 | dist: 0.1146 | geom: 0.0918 | m%: 0.88 | lr: 3.23e-05 | 1168s
Step  3200 | loss: 0.4260 | mse: 0.1464 | dist: 0.1855 | geom: 0.0941 | m%: 0.96 | lr: 2.94e-05 | 1187s
Step  3300 | loss: 0.2286 | mse: 0.0796 | dist: 0.0639 | geom: 0.0850 | m%: 0.85 | lr: 2.67e-05 | 1205s
Step  3400 | loss: 0.3297 | mse: 0.1361 | dist: 0.0931 | geom: 0.1005 | m%: 0.59 | lr: 2.40e-05 | 1224s
Step  3500 | loss: 0.2475 | mse: 0.0947 | dist: 0.0582 | geom: 0.0946 | m%: 0.57 | lr: 2.14e-05 | 1242s
         >>> Train (50): RMSE=2.66Å
         >>> Test (20):  RMSE=13.62Å | DockQ=0.086
         >>> Saved plot: outputs/iterfold_geom_decoder\plots\step_003500.png
Step  3600 | loss: 0.2382 | mse: 0.1241 | dist: 0.0269 | geom: 0.0872 | m%: 0.96 | lr: 1.89e-05 | 1262s
Step  3700 | loss: 0.3107 | mse: 0.1170 | dist: 0.0989 | geom: 0.0948 | m%: 0.69 | lr: 1.66e-05 | 1280s
Step  3800 | loss: 0.3255 | mse: 0.1321 | dist: 0.0940 | geom: 0.0994 | m%: 0.69 | lr: 1.44e-05 | 1299s
Step  3900 | loss: 0.1889 | mse: 0.0597 | dist: 0.0400 | geom: 0.0893 | m%: 0.52 | lr: 1.24e-05 | 1318s
Step  4000 | loss: 0.2733 | mse: 0.1315 | dist: 0.0470 | geom: 0.0948 | m%: 0.75 | lr: 1.05e-05 | 1336s
         >>> Train (50): RMSE=2.03Å
         >>> Test (20):  RMSE=13.55Å | DockQ=0.085
         >>> Saved plot: outputs/iterfold_geom_decoder\plots\step_004000.png
Step  4100 | loss: 0.2763 | mse: 0.0949 | dist: 0.0850 | geom: 0.0964 | m%: 0.77 | lr: 8.71e-06 | 1356s
Step  4200 | loss: 0.3670 | mse: 0.1233 | dist: 0.1519 | geom: 0.0918 | m%: 0.97 | lr: 7.12e-06 | 1374s
Step  4300 | loss: 0.2213 | mse: 0.0816 | dist: 0.0426 | geom: 0.0970 | m%: 0.67 | lr: 5.71e-06 | 1393s
Step  4400 | loss: 0.4646 | mse: 0.1679 | dist: 0.2012 | geom: 0.0956 | m%: 0.96 | lr: 4.48e-06 | 1412s
Step  4500 | loss: 0.2316 | mse: 0.0738 | dist: 0.0651 | geom: 0.0928 | m%: 0.65 | lr: 3.42e-06 | 1431s
         >>> Train (50): RMSE=2.13Å
         >>> Test (20):  RMSE=13.56Å | DockQ=0.086
         >>> Saved plot: outputs/iterfold_geom_decoder\plots\step_004500.png
Step  4600 | loss: 0.2488 | mse: 0.0894 | dist: 0.0560 | geom: 0.1034 | m%: 0.73 | lr: 2.56e-06 | 1451s
Step  4700 | loss: 0.2040 | mse: 0.0730 | dist: 0.0390 | geom: 0.0919 | m%: 0.64 | lr: 1.88e-06 | 1469s
Step  4800 | loss: 0.2184 | mse: 0.0907 | dist: 0.0379 | geom: 0.0898 | m%: 0.76 | lr: 1.39e-06 | 1487s
Step  4900 | loss: 0.2544 | mse: 0.0958 | dist: 0.0596 | geom: 0.0990 | m%: 0.50 | lr: 1.10e-06 | 1505s
Step  5000 | loss: 0.3454 | mse: 0.1341 | dist: 0.1140 | geom: 0.0973 | m%: 0.84 | lr: 1.00e-06 | 1524s
         >>> Train (50): RMSE=2.38Å
         >>> Test (20):  RMSE=13.54Å | DockQ=0.086
         >>> Saved plot: outputs/iterfold_geom_decoder\plots\step_005000.png

======================================================================
Final Evaluation (one-shot, no anchors)
======================================================================
Test set (20 samples):
  RMSE:  13.54 +/- 7.27 Å
  DockQ: 0.086 +/- 0.171
  Fnat:  0.076
  iRMS:  inf A
  LRMS:  inf A

  Quality distribution:
    Acceptable (>=0.23): 15.0%
    Medium (>=0.49):     10.0%
    High (>=0.80):       0.0%

======================================================================
Training complete
  Total time: 1526s (25.4 min)
  Best test RMSE: 13.5361 A
  Best test DockQ: 0.0715
Finished: 2026-01-28 19:31:38
