======================================================================
TinyFold Training
======================================================================
Started: 2026-01-20 00:34:18
Script: C:\Users\costa\src\tinyfold\scripts\train.py
Command: python scripts/train.py --model af3_style --noise_type gaussian --n_steps 100000 --n_train 5000 --n_test 500 --eval_every 5000 --output_dir outputs/af3_15M_gaussian_5K --h_dim 128 --n_layers 6 --batch_size 32 --grad_accum 4 --lr 1e-3 --min_atoms 320 --max_atoms 1000

Configuration:
  output_dir:  outputs/af3_15M_gaussian_5K
  n_train:     5000
  n_test:      500
  batch_size:  32
  grad_accum:  4
  eff_batch:   128
  n_steps:     100000
  eval_every:  5000
  lr:          0.001
  model:       af3_style
  h_dim:       128
  n_layers:    6
  schedule:    linear
  noise_type:  gaussian
  noise_scale: 0.1
  T:           50

Device: cuda
  GPU: NVIDIA GeForce RTX 4070 Ti SUPER

Data split (seed=42):
  Eligible samples (320-1000 atoms): 5840
  Training: 5000 samples
  Test: 500 samples (held out, never seen during training)
  Train IDs: ['1r4p.pdb1_5', '2xf7.pdb1_5', '4hi2.pdb1_13']...
  Test IDs:  ['1dm0.pdb1_8', '2wg6.pdb2_2', '4qyb.pdb1_0']...

Preloading samples...
  Loaded 5000 train, 500 test samples
Model: af3_style
  Parameters: 14,898,179

Diffusion:
  Schedule: linear
  Noise type: gaussian

Training for 100000 steps...
======================================================================
Step   100 | loss: 0.727031 | lr: 1.00e-03 | 57s
Step   200 | loss: 0.550319 | lr: 1.00e-03 | 114s
Step   300 | loss: 0.762587 | lr: 1.00e-03 | 172s
Step   400 | loss: 0.403189 | lr: 1.00e-03 | 229s
Step   500 | loss: 0.372079 | lr: 1.00e-03 | 286s
Step   600 | loss: 0.319996 | lr: 1.00e-03 | 343s
Step   700 | loss: 0.296435 | lr: 1.00e-03 | 400s
Step   800 | loss: 0.350154 | lr: 1.00e-03 | 458s
Step   900 | loss: 0.290883 | lr: 1.00e-03 | 515s
Step  1000 | loss: 0.280288 | lr: 1.00e-03 | 572s
Step  1100 | loss: 0.274522 | lr: 1.00e-03 | 629s
Step  1200 | loss: 0.297058 | lr: 1.00e-03 | 686s
Step  1300 | loss: 0.293633 | lr: 1.00e-03 | 744s
Step  1400 | loss: 0.294430 | lr: 1.00e-03 | 804s
Step  1500 | loss: 0.343104 | lr: 9.99e-04 | 864s
Step  1600 | loss: 0.315213 | lr: 9.99e-04 | 922s
Step  1700 | loss: 0.332950 | lr: 9.99e-04 | 979s
Step  1800 | loss: 0.283284 | lr: 9.99e-04 | 1037s
Step  1900 | loss: 0.319531 | lr: 9.99e-04 | 1095s
Step  2000 | loss: 0.285029 | lr: 9.99e-04 | 1152s
Step  2100 | loss: 0.346579 | lr: 9.99e-04 | 1211s
Step  2200 | loss: 0.258124 | lr: 9.99e-04 | 1273s
Step  2300 | loss: 0.287786 | lr: 9.99e-04 | 1333s
Step  2400 | loss: 0.293230 | lr: 9.99e-04 | 1390s
Step  2500 | loss: 0.289002 | lr: 9.98e-04 | 1447s
Step  2600 | loss: 0.269633 | lr: 9.98e-04 | 1504s
Step  2700 | loss: 0.245201 | lr: 9.98e-04 | 1561s
Step  2800 | loss: 0.255536 | lr: 9.98e-04 | 1619s
Step  2900 | loss: 0.214030 | lr: 9.98e-04 | 1676s
Step  3000 | loss: 0.270307 | lr: 9.98e-04 | 1733s
Step  3100 | loss: 0.216689 | lr: 9.98e-04 | 1790s
Step  3200 | loss: 0.294676 | lr: 9.98e-04 | 1847s
Step  3300 | loss: 0.268187 | lr: 9.97e-04 | 1904s
Step  3400 | loss: 0.259773 | lr: 9.97e-04 | 1962s
Step  3500 | loss: 0.252513 | lr: 9.97e-04 | 2019s
Step  3600 | loss: 0.234743 | lr: 9.97e-04 | 2076s
Step  3700 | loss: 0.272048 | lr: 9.97e-04 | 2133s
Step  3800 | loss: 0.239911 | lr: 9.96e-04 | 2191s
Step  3900 | loss: 0.228051 | lr: 9.96e-04 | 2248s
Step  4000 | loss: 0.243358 | lr: 9.96e-04 | 2305s
Step  4100 | loss: 0.216519 | lr: 9.96e-04 | 2362s
Step  4200 | loss: 0.209472 | lr: 9.96e-04 | 2419s
Step  4300 | loss: 0.267982 | lr: 9.95e-04 | 2477s
Step  4400 | loss: 0.216779 | lr: 9.95e-04 | 2534s
Step  4500 | loss: 0.203151 | lr: 9.95e-04 | 2591s
Step  4600 | loss: 0.275793 | lr: 9.95e-04 | 2648s
Step  4700 | loss: 0.204190 | lr: 9.95e-04 | 2706s
Step  4800 | loss: 0.239849 | lr: 9.94e-04 | 2763s
Step  4900 | loss: 0.179509 | lr: 9.94e-04 | 2820s
Step  5000 | loss: 0.223245 | lr: 9.94e-04 | 2877s
         >>> Train RMSE (200): 18.1838 A | Test RMSE (500): 18.4427 A
         >>> Saved plot: outputs/af3_15M_gaussian_5K\plots\step_005000.png
         >>> New best test RMSE! Saved.
Step  5100 | loss: 0.199244 | lr: 9.94e-04 | 3354s
Step  5200 | loss: 0.222470 | lr: 9.93e-04 | 3411s
Step  5300 | loss: 0.193982 | lr: 9.93e-04 | 3468s
Step  5400 | loss: 0.155484 | lr: 9.93e-04 | 3525s
Step  5500 | loss: 0.207304 | lr: 9.93e-04 | 3582s
Step  5600 | loss: 0.171925 | lr: 9.92e-04 | 3641s
Step  5700 | loss: 0.215901 | lr: 9.92e-04 | 3699s
Step  5800 | loss: 0.182354 | lr: 9.92e-04 | 3756s
Step  5900 | loss: 0.229933 | lr: 9.92e-04 | 3812s
Step  6000 | loss: 0.183790 | lr: 9.91e-04 | 3869s
Step  6100 | loss: 0.200828 | lr: 9.91e-04 | 3926s
Step  6200 | loss: 0.178463 | lr: 9.91e-04 | 3983s
Step  6300 | loss: 0.190973 | lr: 9.90e-04 | 4040s
Step  6400 | loss: 0.171380 | lr: 9.90e-04 | 4097s
Step  6500 | loss: 0.196481 | lr: 9.90e-04 | 4154s
Step  6600 | loss: 0.171624 | lr: 9.89e-04 | 4210s
Step  6700 | loss: 0.187055 | lr: 9.89e-04 | 4267s
Step  6800 | loss: 0.205425 | lr: 9.89e-04 | 4324s
Step  6900 | loss: 0.158842 | lr: 9.88e-04 | 4381s
Step  7000 | loss: 0.201957 | lr: 9.88e-04 | 4438s
Step  7100 | loss: 0.160813 | lr: 9.88e-04 | 4495s
Step  7200 | loss: 0.188957 | lr: 9.87e-04 | 4552s
Step  7300 | loss: 0.161573 | lr: 9.87e-04 | 4609s
Step  7400 | loss: 0.185892 | lr: 9.87e-04 | 4666s
Step  7500 | loss: 0.175260 | lr: 9.86e-04 | 4723s
Step  7600 | loss: 0.177768 | lr: 9.86e-04 | 4780s
Step  7700 | loss: 0.143833 | lr: 9.86e-04 | 4837s
Step  7800 | loss: 0.151374 | lr: 9.85e-04 | 4894s
Step  7900 | loss: 0.147904 | lr: 9.85e-04 | 4951s
Step  8000 | loss: 0.135021 | lr: 9.84e-04 | 5008s
Step  8100 | loss: 0.141789 | lr: 9.84e-04 | 5065s
Step  8200 | loss: 0.179050 | lr: 9.84e-04 | 5122s
Step  8300 | loss: 0.131642 | lr: 9.83e-04 | 5178s
Step  8400 | loss: 0.151601 | lr: 9.83e-04 | 5235s
Step  8500 | loss: 0.113149 | lr: 9.82e-04 | 5292s
Step  8600 | loss: 0.164887 | lr: 9.82e-04 | 5349s
Step  8700 | loss: 0.139410 | lr: 9.82e-04 | 5406s
Step  8800 | loss: 0.126329 | lr: 9.81e-04 | 5463s
Step  8900 | loss: 0.125000 | lr: 9.81e-04 | 5520s
Step  9000 | loss: 0.154389 | lr: 9.80e-04 | 5577s
Step  9100 | loss: 0.131820 | lr: 9.80e-04 | 5634s
Step  9200 | loss: 0.114895 | lr: 9.79e-04 | 5690s
Step  9300 | loss: 0.125357 | lr: 9.79e-04 | 5747s
Step  9400 | loss: 0.132095 | lr: 9.79e-04 | 5804s
Step  9500 | loss: 0.126491 | lr: 9.78e-04 | 5861s
Step  9600 | loss: 0.103587 | lr: 9.78e-04 | 5918s
Step  9700 | loss: 0.106273 | lr: 9.77e-04 | 5975s
Step  9800 | loss: 0.147139 | lr: 9.77e-04 | 6031s
Step  9900 | loss: 0.108919 | lr: 9.76e-04 | 6088s
Step 10000 | loss: 0.127990 | lr: 9.76e-04 | 6145s
         >>> Train RMSE (200): 14.0052 A | Test RMSE (500): 14.6486 A
         >>> Saved plot: outputs/af3_15M_gaussian_5K\plots\step_010000.png
         >>> New best test RMSE! Saved.
Step 10100 | loss: 0.122883 | lr: 9.75e-04 | 6607s
Step 10200 | loss: 0.094964 | lr: 9.75e-04 | 6663s
Step 10300 | loss: 0.127008 | lr: 9.74e-04 | 6720s
Step 10400 | loss: 0.096585 | lr: 9.74e-04 | 6777s
Step 10500 | loss: 0.107924 | lr: 9.73e-04 | 6834s
Step 10600 | loss: 0.132222 | lr: 9.73e-04 | 6891s
Step 10700 | loss: 0.121064 | lr: 9.72e-04 | 6948s
Step 10800 | loss: 0.125557 | lr: 9.72e-04 | 7005s
Step 10900 | loss: 0.101277 | lr: 9.71e-04 | 7062s
Step 11000 | loss: 0.099381 | lr: 9.71e-04 | 7118s
Step 11100 | loss: 0.099690 | lr: 9.70e-04 | 7175s
Step 11200 | loss: 0.103357 | lr: 9.70e-04 | 7232s
Step 11300 | loss: 0.105058 | lr: 9.69e-04 | 7289s
Step 11400 | loss: 0.116754 | lr: 9.69e-04 | 7346s
Step 11500 | loss: 0.124802 | lr: 9.68e-04 | 7403s
Step 11600 | loss: 0.094586 | lr: 9.67e-04 | 7460s
Step 11700 | loss: 0.104002 | lr: 9.67e-04 | 7517s
Step 11800 | loss: 0.092956 | lr: 9.66e-04 | 7574s
Step 11900 | loss: 0.109409 | lr: 9.66e-04 | 7631s
Step 12000 | loss: 0.084074 | lr: 9.65e-04 | 7688s
Step 12100 | loss: 0.088590 | lr: 9.65e-04 | 7745s
Step 12200 | loss: 0.084429 | lr: 9.64e-04 | 7802s
Step 12300 | loss: 0.090849 | lr: 9.64e-04 | 7858s
Step 12400 | loss: 0.091784 | lr: 9.63e-04 | 7915s
Step 12500 | loss: 0.093432 | lr: 9.62e-04 | 7972s
Step 12600 | loss: 0.089183 | lr: 9.62e-04 | 8029s
Step 12700 | loss: 0.084521 | lr: 9.61e-04 | 8086s
Step 12800 | loss: 0.065291 | lr: 9.61e-04 | 8143s
Step 12900 | loss: 0.085164 | lr: 9.60e-04 | 8200s
Step 13000 | loss: 0.087133 | lr: 9.59e-04 | 8256s
Step 13100 | loss: 0.075168 | lr: 9.59e-04 | 8313s
Step 13200 | loss: 0.102990 | lr: 9.58e-04 | 8370s
Step 13300 | loss: 0.082895 | lr: 9.57e-04 | 8427s
Step 13400 | loss: 0.098859 | lr: 9.57e-04 | 8484s
Step 13500 | loss: 0.095837 | lr: 9.56e-04 | 8541s
Step 13600 | loss: 0.080361 | lr: 9.56e-04 | 8598s
Step 13700 | loss: 0.073978 | lr: 9.55e-04 | 8655s
Step 13800 | loss: 0.065672 | lr: 9.54e-04 | 8712s
Step 13900 | loss: 0.075610 | lr: 9.54e-04 | 8769s
Step 14000 | loss: 0.076968 | lr: 9.53e-04 | 8825s
Step 14100 | loss: 0.074971 | lr: 9.52e-04 | 8882s
Step 14200 | loss: 0.077997 | lr: 9.52e-04 | 8939s
Step 14300 | loss: 0.082107 | lr: 9.51e-04 | 8996s
Step 14400 | loss: 0.070806 | lr: 9.50e-04 | 9053s
Step 14500 | loss: 0.073411 | lr: 9.50e-04 | 9110s
Step 14600 | loss: 0.058882 | lr: 9.49e-04 | 9166s
Step 14700 | loss: 0.063402 | lr: 9.48e-04 | 9223s
Step 14800 | loss: 0.055138 | lr: 9.47e-04 | 9280s
Step 14900 | loss: 0.064419 | lr: 9.47e-04 | 9337s
Step 15000 | loss: 0.080802 | lr: 9.46e-04 | 9394s
         >>> Train RMSE (200): 10.7411 A | Test RMSE (500): 12.7408 A
         >>> Saved plot: outputs/af3_15M_gaussian_5K\plots\step_015000.png
         >>> New best test RMSE! Saved.
Step 15100 | loss: 0.066309 | lr: 9.45e-04 | 9857s
Step 15200 | loss: 0.056024 | lr: 9.45e-04 | 9914s
Step 15300 | loss: 0.063288 | lr: 9.44e-04 | 9971s
Step 15400 | loss: 0.064140 | lr: 9.43e-04 | 10028s
Step 15500 | loss: 0.066235 | lr: 9.42e-04 | 10085s
Step 15600 | loss: 0.067667 | lr: 9.42e-04 | 10142s
Step 15700 | loss: 0.062708 | lr: 9.41e-04 | 10199s
Step 15800 | loss: 0.056438 | lr: 9.40e-04 | 10256s
Step 15900 | loss: 0.056711 | lr: 9.40e-04 | 10313s
Step 16000 | loss: 0.055408 | lr: 9.39e-04 | 10370s
Step 16100 | loss: 0.057762 | lr: 9.38e-04 | 10426s
Step 16200 | loss: 0.058104 | lr: 9.37e-04 | 10483s
Step 16300 | loss: 0.076945 | lr: 9.37e-04 | 10540s
Step 16400 | loss: 0.058372 | lr: 9.36e-04 | 10597s
Step 16500 | loss: 0.063895 | lr: 9.35e-04 | 10654s
Step 16600 | loss: 0.063403 | lr: 9.34e-04 | 10711s
Step 16700 | loss: 0.051843 | lr: 9.33e-04 | 10768s
Step 16800 | loss: 0.058296 | lr: 9.33e-04 | 10825s
Step 16900 | loss: 0.053648 | lr: 9.32e-04 | 10882s
Step 17000 | loss: 0.055829 | lr: 9.31e-04 | 10939s
Step 17100 | loss: 0.057483 | lr: 9.30e-04 | 10996s
Step 17200 | loss: 0.060881 | lr: 9.29e-04 | 11052s
Step 17300 | loss: 0.058220 | lr: 9.29e-04 | 11109s
Step 17400 | loss: 0.053275 | lr: 9.28e-04 | 11166s
Step 17500 | loss: 0.049072 | lr: 9.27e-04 | 11223s
Step 17600 | loss: 0.053119 | lr: 9.26e-04 | 11280s
Step 17700 | loss: 0.053565 | lr: 9.25e-04 | 11337s
Step 17800 | loss: 0.045782 | lr: 9.25e-04 | 11394s
Step 17900 | loss: 0.052955 | lr: 9.24e-04 | 11451s
Step 18000 | loss: 0.047982 | lr: 9.23e-04 | 11508s
Step 18100 | loss: 0.058776 | lr: 9.22e-04 | 11565s
Step 18200 | loss: 0.051083 | lr: 9.21e-04 | 11621s
Step 18300 | loss: 0.048161 | lr: 9.20e-04 | 11678s
Step 18400 | loss: 0.053934 | lr: 9.20e-04 | 11735s
Step 18500 | loss: 0.052556 | lr: 9.19e-04 | 11792s
Step 18600 | loss: 0.056682 | lr: 9.18e-04 | 11849s
Step 18700 | loss: 0.047023 | lr: 9.17e-04 | 11906s
Step 18800 | loss: 0.059121 | lr: 9.16e-04 | 11963s
Step 18900 | loss: 0.049693 | lr: 9.15e-04 | 12020s
Step 19000 | loss: 0.053757 | lr: 9.14e-04 | 12077s
Step 19100 | loss: 0.041282 | lr: 9.14e-04 | 12133s
Step 19200 | loss: 0.052985 | lr: 9.13e-04 | 12190s
Step 19300 | loss: 0.047619 | lr: 9.12e-04 | 12247s
Step 19400 | loss: 0.046885 | lr: 9.11e-04 | 12304s
Step 19500 | loss: 0.042532 | lr: 9.10e-04 | 12361s
Step 19600 | loss: 0.052958 | lr: 9.09e-04 | 12418s
Step 19700 | loss: 0.041519 | lr: 9.08e-04 | 12475s
Step 19800 | loss: 0.048354 | lr: 9.07e-04 | 12532s
Step 19900 | loss: 0.042788 | lr: 9.06e-04 | 12589s
Step 20000 | loss: 0.048806 | lr: 9.05e-04 | 12645s
         >>> Train RMSE (200): 9.2805 A | Test RMSE (500): 11.6504 A
         >>> Saved plot: outputs/af3_15M_gaussian_5K\plots\step_020000.png
         >>> New best test RMSE! Saved.
Step 20100 | loss: 0.044892 | lr: 9.05e-04 | 13103s
Step 20200 | loss: 0.041492 | lr: 9.04e-04 | 13160s
Step 20300 | loss: 0.037229 | lr: 9.03e-04 | 13217s
Step 20400 | loss: 0.037327 | lr: 9.02e-04 | 13274s
Step 20500 | loss: 0.048066 | lr: 9.01e-04 | 13331s
Step 20600 | loss: 0.038944 | lr: 9.00e-04 | 13388s
Step 20700 | loss: 0.039578 | lr: 8.99e-04 | 13444s
Step 20800 | loss: 0.034819 | lr: 8.98e-04 | 13501s
Step 20900 | loss: 0.038512 | lr: 8.97e-04 | 13558s
Step 21000 | loss: 0.041095 | lr: 8.96e-04 | 13615s
Step 21100 | loss: 0.037519 | lr: 8.95e-04 | 13672s
Step 21200 | loss: 0.042124 | lr: 8.94e-04 | 13729s
Step 21300 | loss: 0.039325 | lr: 8.93e-04 | 13786s
Step 21400 | loss: 0.039141 | lr: 8.92e-04 | 13842s
Step 21500 | loss: 0.037872 | lr: 8.91e-04 | 13899s
Step 21600 | loss: 0.044480 | lr: 8.90e-04 | 13956s
Step 21700 | loss: 0.035075 | lr: 8.89e-04 | 14013s
Step 21800 | loss: 0.035705 | lr: 8.88e-04 | 14070s
Step 21900 | loss: 0.039187 | lr: 8.87e-04 | 14126s
Step 22000 | loss: 0.040749 | lr: 8.86e-04 | 14183s
Step 22100 | loss: 0.038471 | lr: 8.85e-04 | 14240s
Step 22200 | loss: 0.037595 | lr: 8.84e-04 | 14297s
Step 22300 | loss: 0.038040 | lr: 8.83e-04 | 14354s
Step 22400 | loss: 0.034640 | lr: 8.82e-04 | 14411s
Step 22500 | loss: 0.039315 | lr: 8.81e-04 | 14468s
Step 22600 | loss: 0.043415 | lr: 8.80e-04 | 14525s
Step 22700 | loss: 0.033606 | lr: 8.79e-04 | 14581s
Step 22800 | loss: 0.037130 | lr: 8.78e-04 | 14638s
Step 22900 | loss: 0.039746 | lr: 8.77e-04 | 14695s
Step 23000 | loss: 0.036141 | lr: 8.76e-04 | 14752s
Step 23100 | loss: 0.033934 | lr: 8.75e-04 | 14809s
Step 23200 | loss: 0.029758 | lr: 8.74e-04 | 14866s
Step 23300 | loss: 0.036333 | lr: 8.73e-04 | 14923s
Step 23400 | loss: 0.036949 | lr: 8.72e-04 | 14980s
Step 23500 | loss: 0.037387 | lr: 8.71e-04 | 15037s
Step 23600 | loss: 0.037888 | lr: 8.70e-04 | 15094s
Step 23700 | loss: 0.029287 | lr: 8.69e-04 | 15150s
Step 23800 | loss: 0.035506 | lr: 8.68e-04 | 15207s
Step 23900 | loss: 0.033893 | lr: 8.67e-04 | 15264s
Step 24000 | loss: 0.038427 | lr: 8.66e-04 | 15321s
Step 24100 | loss: 0.028003 | lr: 8.65e-04 | 15378s
Step 24200 | loss: 0.031426 | lr: 8.64e-04 | 15435s
Step 24300 | loss: 0.035692 | lr: 8.63e-04 | 15492s
Step 24400 | loss: 0.033755 | lr: 8.62e-04 | 15549s
Step 24500 | loss: 0.043866 | lr: 8.60e-04 | 15605s
Step 24600 | loss: 0.028610 | lr: 8.59e-04 | 15662s
Step 24700 | loss: 0.028231 | lr: 8.58e-04 | 15719s
Step 24800 | loss: 0.034190 | lr: 8.57e-04 | 15776s
Step 24900 | loss: 0.033963 | lr: 8.56e-04 | 15833s
Step 25000 | loss: 0.033140 | lr: 8.55e-04 | 15890s
         >>> Train RMSE (200): 7.8737 A | Test RMSE (500): 10.6999 A
         >>> Saved plot: outputs/af3_15M_gaussian_5K\plots\step_025000.png
         >>> New best test RMSE! Saved.
Step 25100 | loss: 0.032355 | lr: 8.54e-04 | 16349s
Step 25200 | loss: 0.032862 | lr: 8.53e-04 | 16406s
Step 25300 | loss: 0.031644 | lr: 8.52e-04 | 16462s
Step 25400 | loss: 0.027797 | lr: 8.51e-04 | 16519s
Step 25500 | loss: 0.030715 | lr: 8.49e-04 | 16576s
Step 25600 | loss: 0.030520 | lr: 8.48e-04 | 16633s
Step 25700 | loss: 0.027766 | lr: 8.47e-04 | 16690s
Step 25800 | loss: 0.028695 | lr: 8.46e-04 | 16747s
Step 25900 | loss: 0.033549 | lr: 8.45e-04 | 16804s
Step 26000 | loss: 0.032835 | lr: 8.44e-04 | 16861s
Step 26100 | loss: 0.027216 | lr: 8.43e-04 | 16918s
Step 26200 | loss: 0.027708 | lr: 8.42e-04 | 16974s
Step 26300 | loss: 0.024231 | lr: 8.40e-04 | 17031s
Step 26400 | loss: 0.027537 | lr: 8.39e-04 | 17088s
Step 26500 | loss: 0.029433 | lr: 8.38e-04 | 17145s
Step 26600 | loss: 0.022514 | lr: 8.37e-04 | 17202s
Step 26700 | loss: 0.027191 | lr: 8.36e-04 | 17259s
Step 26800 | loss: 0.025983 | lr: 8.35e-04 | 17315s
Step 26900 | loss: 0.029103 | lr: 8.34e-04 | 17372s
Step 27000 | loss: 0.028830 | lr: 8.32e-04 | 17429s
Step 27100 | loss: 0.022637 | lr: 8.31e-04 | 17486s
Step 27200 | loss: 0.021526 | lr: 8.30e-04 | 17543s
Step 27300 | loss: 0.026829 | lr: 8.29e-04 | 17600s
Step 27400 | loss: 0.028227 | lr: 8.28e-04 | 17657s
Step 27500 | loss: 0.028280 | lr: 8.26e-04 | 17714s
Step 27600 | loss: 0.034010 | lr: 8.25e-04 | 17771s
Step 27700 | loss: 0.032039 | lr: 8.24e-04 | 17827s
Step 27800 | loss: 0.027430 | lr: 8.23e-04 | 17884s
Step 27900 | loss: 0.024812 | lr: 8.22e-04 | 17941s
Step 28000 | loss: 0.026391 | lr: 8.21e-04 | 17998s
Step 28100 | loss: 0.029611 | lr: 8.19e-04 | 18055s
Step 28200 | loss: 0.025173 | lr: 8.18e-04 | 29900s
Step 28300 | loss: 0.023219 | lr: 8.17e-04 | 29959s
Step 28400 | loss: 0.027380 | lr: 8.16e-04 | 30021s
Step 28500 | loss: 0.037583 | lr: 8.14e-04 | 30082s
Step 28600 | loss: 0.036640 | lr: 8.13e-04 | 30140s
Step 28700 | loss: 0.023814 | lr: 8.12e-04 | 30197s
Step 28800 | loss: 0.019993 | lr: 8.11e-04 | 30254s
Step 28900 | loss: 0.035459 | lr: 8.10e-04 | 30311s
Step 29000 | loss: 0.018091 | lr: 8.08e-04 | 30368s
Step 29100 | loss: 0.024918 | lr: 8.07e-04 | 30426s
Step 29200 | loss: 0.025319 | lr: 8.06e-04 | 30482s
Step 29300 | loss: 0.022992 | lr: 8.05e-04 | 30539s
Step 29400 | loss: 0.024014 | lr: 8.03e-04 | 30596s
Step 29500 | loss: 0.025448 | lr: 8.02e-04 | 30653s
Step 29600 | loss: 0.023198 | lr: 8.01e-04 | 30710s
Step 29700 | loss: 0.026528 | lr: 8.00e-04 | 30767s
Step 29800 | loss: 0.028268 | lr: 7.98e-04 | 30824s
Step 29900 | loss: 0.025759 | lr: 7.97e-04 | 30881s
Step 30000 | loss: 0.023991 | lr: 7.96e-04 | 30938s
         >>> Train RMSE (200): 7.9964 A | Test RMSE (500): 11.0416 A
         >>> Saved plot: outputs/af3_15M_gaussian_5K\plots\step_030000.png
Step 30100 | loss: 0.024180 | lr: 7.95e-04 | 31401s
Step 30200 | loss: 0.028956 | lr: 7.93e-04 | 31458s
Step 30300 | loss: 0.023629 | lr: 7.92e-04 | 31515s
Step 30400 | loss: 0.026290 | lr: 7.91e-04 | 31572s
Step 30500 | loss: 0.020937 | lr: 7.90e-04 | 31628s
Step 30600 | loss: 0.023199 | lr: 7.88e-04 | 31685s
Step 30700 | loss: 0.021794 | lr: 7.87e-04 | 31742s
Step 30800 | loss: 0.019531 | lr: 7.86e-04 | 31799s
Step 30900 | loss: 0.026466 | lr: 7.85e-04 | 31856s
Step 31000 | loss: 0.029837 | lr: 7.83e-04 | 31913s
Step 31100 | loss: 0.034011 | lr: 7.82e-04 | 31970s
Step 31200 | loss: 0.019413 | lr: 7.81e-04 | 32027s
Step 31300 | loss: 0.020654 | lr: 7.79e-04 | 32084s
Step 31400 | loss: 0.023849 | lr: 7.78e-04 | 32141s
Step 31500 | loss: 0.020690 | lr: 7.77e-04 | 32198s
Step 31600 | loss: 0.022848 | lr: 7.75e-04 | 32255s
Step 31700 | loss: 0.026632 | lr: 7.74e-04 | 32312s
Step 31800 | loss: 0.028329 | lr: 7.73e-04 | 32369s
Step 31900 | loss: 0.025407 | lr: 7.72e-04 | 32426s
Step 32000 | loss: 0.036884 | lr: 7.70e-04 | 32483s
Step 32100 | loss: 0.019594 | lr: 7.69e-04 | 32540s
Step 32200 | loss: 0.017080 | lr: 7.68e-04 | 32597s
Step 32300 | loss: 0.020159 | lr: 7.66e-04 | 32653s
Step 32400 | loss: 0.020652 | lr: 7.65e-04 | 32710s
Step 32500 | loss: 0.019616 | lr: 7.64e-04 | 32767s
Step 32600 | loss: 0.018128 | lr: 7.62e-04 | 32824s
Step 32700 | loss: 0.018465 | lr: 7.61e-04 | 32881s
Step 32800 | loss: 0.022705 | lr: 7.60e-04 | 32938s
Step 32900 | loss: 0.018309 | lr: 7.58e-04 | 32994s
Step 33000 | loss: 0.016556 | lr: 7.57e-04 | 33051s
Step 33100 | loss: 0.027409 | lr: 7.56e-04 | 33108s
Step 33200 | loss: 0.018242 | lr: 7.54e-04 | 33165s
Step 33300 | loss: 0.023581 | lr: 7.53e-04 | 33222s
Step 33400 | loss: 0.017411 | lr: 7.52e-04 | 33278s
Step 33500 | loss: 0.019104 | lr: 7.50e-04 | 33335s
Step 33600 | loss: 0.021071 | lr: 7.49e-04 | 33392s
Step 33700 | loss: 0.022736 | lr: 7.48e-04 | 33449s
Step 33800 | loss: 0.016634 | lr: 7.46e-04 | 33506s
Step 33900 | loss: 0.022038 | lr: 7.45e-04 | 33563s
Step 34000 | loss: 0.020623 | lr: 7.43e-04 | 33619s
Step 34100 | loss: 0.033512 | lr: 7.42e-04 | 33676s
Step 34200 | loss: 0.019390 | lr: 7.41e-04 | 33733s
Step 34300 | loss: 0.019487 | lr: 7.39e-04 | 33790s
Step 34400 | loss: 0.020079 | lr: 7.38e-04 | 33847s
Step 34500 | loss: 0.020448 | lr: 7.37e-04 | 33903s
Step 34600 | loss: 0.016296 | lr: 7.35e-04 | 33960s
Step 34700 | loss: 0.015299 | lr: 7.34e-04 | 34017s
Step 34800 | loss: 0.018401 | lr: 7.32e-04 | 34074s
Step 34900 | loss: 0.016224 | lr: 7.31e-04 | 34131s
Step 35000 | loss: 0.018757 | lr: 7.30e-04 | 34188s
         >>> Train RMSE (200): 7.5601 A | Test RMSE (500): 10.7083 A
         >>> Saved plot: outputs/af3_15M_gaussian_5K\plots\step_035000.png
Step 35100 | loss: 0.019876 | lr: 7.28e-04 | 34649s
Step 35200 | loss: 0.020578 | lr: 7.27e-04 | 34706s
Step 35300 | loss: 0.020517 | lr: 7.26e-04 | 34763s
Step 35400 | loss: 0.019756 | lr: 7.24e-04 | 34820s
Step 35500 | loss: 0.018719 | lr: 7.23e-04 | 34877s
Step 35600 | loss: 0.020723 | lr: 7.21e-04 | 34934s
Step 35700 | loss: 0.014929 | lr: 7.20e-04 | 34991s
Step 35800 | loss: 0.034374 | lr: 7.19e-04 | 35047s
Step 35900 | loss: 0.020532 | lr: 7.17e-04 | 35104s
Step 36000 | loss: 0.021627 | lr: 7.16e-04 | 35161s
Step 36100 | loss: 0.021574 | lr: 7.14e-04 | 35218s
Step 36200 | loss: 0.017763 | lr: 7.13e-04 | 35275s
Step 36300 | loss: 0.021172 | lr: 7.12e-04 | 35332s
Step 36400 | loss: 0.014965 | lr: 7.10e-04 | 35389s
Step 36500 | loss: 0.016000 | lr: 7.09e-04 | 35446s
Step 36600 | loss: 0.013673 | lr: 7.07e-04 | 35503s
Step 36700 | loss: 0.019762 | lr: 7.06e-04 | 35560s
Step 36800 | loss: 0.013171 | lr: 7.04e-04 | 35617s
Step 36900 | loss: 0.017332 | lr: 7.03e-04 | 35673s
Step 37000 | loss: 0.017499 | lr: 7.02e-04 | 35731s
Step 37100 | loss: 0.019125 | lr: 7.00e-04 | 35787s
Step 37200 | loss: 0.018267 | lr: 6.99e-04 | 35844s
Step 37300 | loss: 0.016212 | lr: 6.97e-04 | 35901s
Step 37400 | loss: 0.012023 | lr: 6.96e-04 | 35958s
Step 37500 | loss: 0.015146 | lr: 6.94e-04 | 36015s
Step 37600 | loss: 0.013575 | lr: 6.93e-04 | 36072s
Step 37700 | loss: 0.016354 | lr: 6.92e-04 | 36129s
Step 37800 | loss: 0.017122 | lr: 6.90e-04 | 36185s
Step 37900 | loss: 0.014562 | lr: 6.89e-04 | 36242s
Step 38000 | loss: 0.021260 | lr: 6.87e-04 | 36299s
Step 38100 | loss: 0.022915 | lr: 6.86e-04 | 36356s
Step 38200 | loss: 0.015564 | lr: 6.84e-04 | 36413s
Step 38300 | loss: 0.016448 | lr: 6.83e-04 | 36470s
Step 38400 | loss: 0.014436 | lr: 6.81e-04 | 36527s
Step 38500 | loss: 0.013877 | lr: 6.80e-04 | 36584s
Step 38600 | loss: 0.013640 | lr: 6.79e-04 | 36640s
Step 38700 | loss: 0.019585 | lr: 6.77e-04 | 36697s
Step 38800 | loss: 0.012338 | lr: 6.76e-04 | 36754s
Step 38900 | loss: 0.021735 | lr: 6.74e-04 | 36811s
Step 39000 | loss: 0.015992 | lr: 6.73e-04 | 36868s
Step 39100 | loss: 0.013500 | lr: 6.71e-04 | 36925s
Step 39200 | loss: 0.015039 | lr: 6.70e-04 | 36982s
Step 39300 | loss: 0.017998 | lr: 6.68e-04 | 37039s
Step 39400 | loss: 0.014733 | lr: 6.67e-04 | 37096s
Step 39500 | loss: 0.013031 | lr: 6.65e-04 | 37152s
Step 39600 | loss: 0.011923 | lr: 6.64e-04 | 37209s
Step 39700 | loss: 0.024994 | lr: 6.62e-04 | 37266s
Step 39800 | loss: 0.014394 | lr: 6.61e-04 | 37323s
Step 39900 | loss: 0.011725 | lr: 6.59e-04 | 37380s
Step 40000 | loss: 0.015130 | lr: 6.58e-04 | 37437s
         >>> Train RMSE (200): 7.4364 A | Test RMSE (500): 10.1905 A
         >>> Saved plot: outputs/af3_15M_gaussian_5K\plots\step_040000.png
         >>> New best test RMSE! Saved.
Step 40100 | loss: 0.014814 | lr: 6.56e-04 | 37900s
Step 40200 | loss: 0.014407 | lr: 6.55e-04 | 37956s
Step 40300 | loss: 0.016281 | lr: 6.54e-04 | 38013s
Step 40400 | loss: 0.014384 | lr: 6.52e-04 | 38070s
Step 40500 | loss: 0.014389 | lr: 6.51e-04 | 38127s
Step 40600 | loss: 0.014626 | lr: 6.49e-04 | 38184s
Step 40700 | loss: 0.014514 | lr: 6.48e-04 | 38241s
Step 40800 | loss: 0.013185 | lr: 6.46e-04 | 38298s
Step 40900 | loss: 0.012443 | lr: 6.45e-04 | 38355s
Step 41000 | loss: 0.015460 | lr: 6.43e-04 | 38411s
Step 41100 | loss: 0.015810 | lr: 6.42e-04 | 38468s
Step 41200 | loss: 0.019833 | lr: 6.40e-04 | 38525s
Step 41300 | loss: 0.017011 | lr: 6.39e-04 | 38582s
Step 41400 | loss: 0.015101 | lr: 6.37e-04 | 38639s
Step 41500 | loss: 0.013175 | lr: 6.36e-04 | 38696s
Step 41600 | loss: 0.012776 | lr: 6.34e-04 | 38753s
Step 41700 | loss: 0.020572 | lr: 6.33e-04 | 38810s
Step 41800 | loss: 0.013747 | lr: 6.31e-04 | 38867s
Step 41900 | loss: 0.010669 | lr: 6.30e-04 | 38924s
Step 42000 | loss: 0.014380 | lr: 6.28e-04 | 38981s
Step 42100 | loss: 0.010548 | lr: 6.27e-04 | 39037s
Step 42200 | loss: 0.010973 | lr: 6.25e-04 | 39094s
Step 42300 | loss: 0.009402 | lr: 6.24e-04 | 39151s
Step 42400 | loss: 0.011982 | lr: 6.22e-04 | 39208s
Step 42500 | loss: 0.012857 | lr: 6.21e-04 | 39265s
Step 42600 | loss: 0.011355 | lr: 6.19e-04 | 39322s
Step 42700 | loss: 0.017369 | lr: 6.18e-04 | 39379s
Step 42800 | loss: 0.027087 | lr: 6.16e-04 | 39436s
Step 42900 | loss: 0.014534 | lr: 6.14e-04 | 39493s
Step 43000 | loss: 0.016574 | lr: 6.13e-04 | 39550s
Step 43100 | loss: 0.011431 | lr: 6.11e-04 | 39607s
Step 43200 | loss: 0.013096 | lr: 6.10e-04 | 39664s
Step 43300 | loss: 0.014461 | lr: 6.08e-04 | 39720s
Step 43400 | loss: 0.009964 | lr: 6.07e-04 | 39777s
Step 43500 | loss: 0.013691 | lr: 6.05e-04 | 39834s
Step 43600 | loss: 0.011191 | lr: 6.04e-04 | 39891s
Step 43700 | loss: 0.011849 | lr: 6.02e-04 | 39948s
Step 43800 | loss: 0.012707 | lr: 6.01e-04 | 40005s
Step 43900 | loss: 0.015699 | lr: 5.99e-04 | 40062s
Step 44000 | loss: 0.009417 | lr: 5.98e-04 | 40118s
Step 44100 | loss: 0.010312 | lr: 5.96e-04 | 40175s
Step 44200 | loss: 0.008688 | lr: 5.95e-04 | 40232s
Step 44300 | loss: 0.013707 | lr: 5.93e-04 | 40289s
Step 44400 | loss: 0.014088 | lr: 5.92e-04 | 40346s
Step 44500 | loss: 0.013563 | lr: 5.90e-04 | 40403s
Step 44600 | loss: 0.011594 | lr: 5.89e-04 | 40460s
Step 44700 | loss: 0.009778 | lr: 5.87e-04 | 40517s
Step 44800 | loss: 0.013585 | lr: 5.86e-04 | 40574s
Step 44900 | loss: 0.010702 | lr: 5.84e-04 | 40630s
Step 45000 | loss: 0.008992 | lr: 5.82e-04 | 40687s
         >>> Train RMSE (200): 7.2494 A | Test RMSE (500): 10.1408 A
         >>> Saved plot: outputs/af3_15M_gaussian_5K\plots\step_045000.png
         >>> New best test RMSE! Saved.
Step 45100 | loss: 0.010483 | lr: 5.81e-04 | 41160s
Step 45200 | loss: 0.011381 | lr: 5.79e-04 | 41217s
Step 45300 | loss: 0.012278 | lr: 5.78e-04 | 41274s
Step 45400 | loss: 0.011036 | lr: 5.76e-04 | 41331s
Step 45500 | loss: 0.010218 | lr: 5.75e-04 | 41388s
Step 45600 | loss: 0.011850 | lr: 5.73e-04 | 41445s
Step 45700 | loss: 0.011237 | lr: 5.72e-04 | 41502s
Step 45800 | loss: 0.010448 | lr: 5.70e-04 | 41559s
Step 45900 | loss: 0.008882 | lr: 5.69e-04 | 41616s
Step 46000 | loss: 0.009385 | lr: 5.67e-04 | 41672s
Step 46100 | loss: 0.010523 | lr: 5.65e-04 | 41729s
Step 46200 | loss: 0.011282 | lr: 5.64e-04 | 41786s
Step 46300 | loss: 0.008402 | lr: 5.62e-04 | 41843s
Step 46400 | loss: 0.011314 | lr: 5.61e-04 | 41900s
Step 46500 | loss: 0.011114 | lr: 5.59e-04 | 41957s
Step 46600 | loss: 0.012931 | lr: 5.58e-04 | 42014s
Step 46700 | loss: 0.009854 | lr: 5.56e-04 | 42071s
Step 46800 | loss: 0.009836 | lr: 5.55e-04 | 42128s
Step 46900 | loss: 0.010200 | lr: 5.53e-04 | 42185s
Step 47000 | loss: 0.010079 | lr: 5.52e-04 | 42242s
Step 47100 | loss: 0.011583 | lr: 5.50e-04 | 42298s
Step 47200 | loss: 0.008993 | lr: 5.48e-04 | 42355s
Step 47300 | loss: 0.009958 | lr: 5.47e-04 | 42412s
Step 47400 | loss: 0.008209 | lr: 5.45e-04 | 42469s
Step 47500 | loss: 0.008313 | lr: 5.44e-04 | 42526s
Step 47600 | loss: 0.008849 | lr: 5.42e-04 | 42583s
Step 47700 | loss: 0.019226 | lr: 5.41e-04 | 42640s
Step 47800 | loss: 0.009228 | lr: 5.39e-04 | 42697s
Step 47900 | loss: 0.008802 | lr: 5.38e-04 | 42753s
Step 48000 | loss: 0.007875 | lr: 5.36e-04 | 42810s
Step 48100 | loss: 0.008281 | lr: 5.35e-04 | 42867s
Step 48200 | loss: 0.007673 | lr: 5.33e-04 | 42924s
Step 48300 | loss: 0.011632 | lr: 5.31e-04 | 42981s
Step 48400 | loss: 0.012134 | lr: 5.30e-04 | 43038s
Step 48500 | loss: 0.009717 | lr: 5.28e-04 | 43094s
Step 48600 | loss: 0.009046 | lr: 5.27e-04 | 43151s
Step 48700 | loss: 0.014823 | lr: 5.25e-04 | 43208s
Step 48800 | loss: 0.010748 | lr: 5.24e-04 | 43265s
Step 48900 | loss: 0.019208 | lr: 5.22e-04 | 43322s
Step 49000 | loss: 0.009285 | lr: 5.21e-04 | 43379s
Step 49100 | loss: 0.008772 | lr: 5.19e-04 | 43436s
Step 49200 | loss: 0.007703 | lr: 5.17e-04 | 43493s
Step 49300 | loss: 0.007610 | lr: 5.16e-04 | 43550s
Step 49400 | loss: 0.008846 | lr: 5.14e-04 | 43606s
Step 49500 | loss: 0.007547 | lr: 5.13e-04 | 43663s
Step 49600 | loss: 0.007950 | lr: 5.11e-04 | 43720s
Step 49700 | loss: 0.006914 | lr: 5.10e-04 | 43777s
Step 49800 | loss: 0.005926 | lr: 5.08e-04 | 43834s
Step 49900 | loss: 0.006092 | lr: 5.07e-04 | 43891s
Step 50000 | loss: 0.012855 | lr: 5.05e-04 | 43947s
         >>> Train RMSE (200): 6.3998 A | Test RMSE (500): 9.6992 A
         >>> Saved plot: outputs/af3_15M_gaussian_5K\plots\step_050000.png
         >>> New best test RMSE! Saved.
Step 50100 | loss: 0.005571 | lr: 5.03e-04 | 44949s
Step 50200 | loss: 0.006970 | lr: 5.02e-04 | 45012s
