======================================================================
IterFold Training (Anchor-Conditioned Structure Prediction)
======================================================================
Started: 2026-01-28 18:35:49
Command: python scripts/train_iterfold.py --n_train 100 --n_test 20 --n_eval_train 50 --n_steps 5000 --eval_every 500 --batch_size 32 --grad_accum 1 --lr 1e-4 --output_dir outputs/iterfold_geom_v3 --c_token 256 --trunk_layers 6 --decoder_layers 9 --n_atom_layers 4 --min_atoms 100 --max_atoms 600 --rotation_augment --mask_ratio_min 0.5 --mask_ratio_max 1.0 --geom_weight 1.0

Configuration:
  c_token:          256
  trunk_layers:     6
  decoder_layers:   9
  n_atom_layers:    4
  batch_size:       32
  grad_accum:       1
  eff_batch:        32
  n_steps:          5000
  lr:               0.0001

Masking:
  mask_ratio:       [0.5, 1.0] (uniform sampling)

Geometry loss:
  geom_weight:      1.0

Augmentation:
  rotation_augment: True

Device: cuda
  GPU: NVIDIA GeForce RTX 4070 Ti SUPER

Data: 100 train, 20 test
Preloading samples...
  Loaded 120 samples

Model: IterFold
  Total params:   15,229,059
  Trunk params:   4,892,288 (32.1%)
  Decoder params: 10,336,771 (67.9%)

Optimizer: AdamW, 15,229,059 trainable params
Geometry loss: GeometryLoss(active=['bond_length', 'bond_angle', 'omega', 'o_chirality'])
Training for 5000 steps...
======================================================================
Step   100 | loss: 3.3616 | mse: 3.2877 | geom: 0.0739 | bond: 0.0188 | angle: 0.0545 | m%: 0.96 | lr: 9.99e-05 | 32s
Step   200 | loss: 2.6218 | mse: 2.5151 | geom: 0.1067 | bond: 0.0529 | angle: 0.0533 | m%: 0.54 | lr: 9.96e-05 | 62s
Step   300 | loss: 1.9089 | mse: 1.7597 | geom: 0.1492 | bond: 0.0938 | angle: 0.0542 | m%: 0.55 | lr: 9.91e-05 | 93s
Step   400 | loss: 1.3153 | mse: 1.1663 | geom: 0.1490 | bond: 0.0954 | angle: 0.0528 | m%: 0.74 | lr: 9.84e-05 | 124s
Step   500 | loss: 1.0672 | mse: 0.9305 | geom: 0.1367 | bond: 0.0816 | angle: 0.0534 | m%: 0.67 | lr: 9.76e-05 | 155s
         >>> Train (50): RMSE=7.10Å
         >>> Test (20):  RMSE=12.51Å | DockQ=0.060
         >>> Saved plot: outputs/iterfold_geom_v3\plots\step_000500.png
         >>> New best! Saved., DockQ=0.060
Step   600 | loss: 0.9023 | mse: 0.7722 | geom: 0.1301 | bond: 0.0762 | angle: 0.0524 | m%: 0.77 | lr: 9.65e-05 | 190s
Step   700 | loss: 0.7239 | mse: 0.6020 | geom: 0.1218 | bond: 0.0669 | angle: 0.0536 | m%: 0.73 | lr: 9.53e-05 | 221s
Step   800 | loss: 0.4418 | mse: 0.3423 | geom: 0.0995 | bond: 0.0449 | angle: 0.0538 | m%: 0.99 | lr: 9.39e-05 | 252s
Step   900 | loss: 0.4505 | mse: 0.3414 | geom: 0.1090 | bond: 0.0534 | angle: 0.0541 | m%: 0.53 | lr: 9.23e-05 | 282s
Step  1000 | loss: 0.5024 | mse: 0.4021 | geom: 0.1003 | bond: 0.0452 | angle: 0.0541 | m%: 0.84 | lr: 9.05e-05 | 314s
         >>> Train (50): RMSE=4.33Å
         >>> Test (20):  RMSE=12.72Å | DockQ=0.059
         >>> Saved plot: outputs/iterfold_geom_v3\plots\step_001000.png
Step  1100 | loss: 0.4332 | mse: 0.3295 | geom: 0.1038 | bond: 0.0493 | angle: 0.0535 | m%: 0.82 | lr: 8.86e-05 | 349s
Step  1200 | loss: 0.5700 | mse: 0.4487 | geom: 0.1213 | bond: 0.0657 | angle: 0.0536 | m%: 0.74 | lr: 8.66e-05 | 379s
Step  1300 | loss: 0.3866 | mse: 0.2982 | geom: 0.0884 | bond: 0.0350 | angle: 0.0527 | m%: 0.92 | lr: 8.44e-05 | 410s
Step  1400 | loss: 0.2770 | mse: 0.1816 | geom: 0.0954 | bond: 0.0421 | angle: 0.0522 | m%: 0.53 | lr: 8.21e-05 | 441s
Step  1500 | loss: 0.3156 | mse: 0.2206 | geom: 0.0951 | bond: 0.0414 | angle: 0.0527 | m%: 0.90 | lr: 7.96e-05 | 472s
         >>> Train (50): RMSE=3.67Å
         >>> Test (20):  RMSE=12.77Å | DockQ=0.070
         >>> Saved plot: outputs/iterfold_geom_v3\plots\step_001500.png
Step  1600 | loss: 0.3446 | mse: 0.2408 | geom: 0.1038 | bond: 0.0491 | angle: 0.0536 | m%: 0.73 | lr: 7.70e-05 | 507s
Step  1700 | loss: 0.2230 | mse: 0.1360 | geom: 0.0871 | bond: 0.0337 | angle: 0.0523 | m%: 0.80 | lr: 7.43e-05 | 537s
Step  1800 | loss: 0.2285 | mse: 0.1479 | geom: 0.0806 | bond: 0.0283 | angle: 0.0519 | m%: 1.00 | lr: 7.16e-05 | 568s
Step  1900 | loss: 0.1973 | mse: 0.1138 | geom: 0.0834 | bond: 0.0298 | angle: 0.0529 | m%: 0.94 | lr: 6.87e-05 | 599s
Step  2000 | loss: 0.1751 | mse: 0.0946 | geom: 0.0805 | bond: 0.0289 | angle: 0.0510 | m%: 0.61 | lr: 6.58e-05 | 629s
         >>> Train (50): RMSE=3.00Å
         >>> Test (20):  RMSE=12.46Å | DockQ=0.074
         >>> Saved plot: outputs/iterfold_geom_v3\plots\step_002000.png
         >>> New best! Saved., DockQ=0.074
Step  2100 | loss: 0.1916 | mse: 0.1103 | geom: 0.0813 | bond: 0.0284 | angle: 0.0523 | m%: 0.52 | lr: 6.28e-05 | 664s
Step  2200 | loss: 0.1847 | mse: 0.1034 | geom: 0.0813 | bond: 0.0291 | angle: 0.0515 | m%: 0.87 | lr: 5.98e-05 | 691s
Step  2300 | loss: 0.1484 | mse: 0.0765 | geom: 0.0720 | bond: 0.0211 | angle: 0.0504 | m%: 0.60 | lr: 5.67e-05 | 712s
Step  2400 | loss: 0.1741 | mse: 0.0958 | geom: 0.0783 | bond: 0.0270 | angle: 0.0508 | m%: 0.82 | lr: 5.36e-05 | 732s
Step  2500 | loss: 0.2145 | mse: 0.1348 | geom: 0.0797 | bond: 0.0278 | angle: 0.0512 | m%: 0.55 | lr: 5.05e-05 | 751s
         >>> Train (50): RMSE=2.74Å
         >>> Test (20):  RMSE=12.45Å | DockQ=0.068
         >>> Saved plot: outputs/iterfold_geom_v3\plots\step_002500.png
         >>> New best! Saved., DockQ=0.068
Step  2600 | loss: 0.2303 | mse: 0.1505 | geom: 0.0799 | bond: 0.0282 | angle: 0.0511 | m%: 0.69 | lr: 4.74e-05 | 773s
Step  2700 | loss: 0.1660 | mse: 0.0860 | geom: 0.0801 | bond: 0.0282 | angle: 0.0511 | m%: 0.60 | lr: 4.43e-05 | 796s
Step  2800 | loss: 0.1432 | mse: 0.0668 | geom: 0.0764 | bond: 0.0254 | angle: 0.0503 | m%: 0.86 | lr: 4.12e-05 | 824s
Step  2900 | loss: 0.1352 | mse: 0.0633 | geom: 0.0719 | bond: 0.0213 | angle: 0.0498 | m%: 0.92 | lr: 3.82e-05 | 852s
Step  3000 | loss: 0.1882 | mse: 0.1135 | geom: 0.0747 | bond: 0.0236 | angle: 0.0502 | m%: 0.94 | lr: 3.52e-05 | 879s
         >>> Train (50): RMSE=2.01Å
         >>> Test (20):  RMSE=12.33Å | DockQ=0.066
         >>> Saved plot: outputs/iterfold_geom_v3\plots\step_003000.png
         >>> New best! Saved., DockQ=0.066
Step  3100 | loss: 0.1409 | mse: 0.0626 | geom: 0.0783 | bond: 0.0280 | angle: 0.0493 | m%: 0.85 | lr: 3.23e-05 | 910s
Step  3200 | loss: 0.1740 | mse: 0.0970 | geom: 0.0770 | bond: 0.0259 | angle: 0.0498 | m%: 0.69 | lr: 2.94e-05 | 938s
Step  3300 | loss: 0.1446 | mse: 0.0653 | geom: 0.0793 | bond: 0.0281 | angle: 0.0498 | m%: 0.60 | lr: 2.67e-05 | 966s
Step  3400 | loss: 0.1413 | mse: 0.0680 | geom: 0.0733 | bond: 0.0227 | angle: 0.0490 | m%: 0.72 | lr: 2.40e-05 | 994s
Step  3500 | loss: 0.3331 | mse: 0.2638 | geom: 0.0693 | bond: 0.0191 | angle: 0.0487 | m%: 0.87 | lr: 2.14e-05 | 1015s
         >>> Train (50): RMSE=2.42Å
         >>> Test (20):  RMSE=12.36Å | DockQ=0.066
         >>> Saved plot: outputs/iterfold_geom_v3\plots\step_003500.png
Step  3600 | loss: 0.1273 | mse: 0.0575 | geom: 0.0698 | bond: 0.0196 | angle: 0.0483 | m%: 0.55 | lr: 1.89e-05 | 1035s
Step  3700 | loss: 0.1323 | mse: 0.0578 | geom: 0.0746 | bond: 0.0229 | angle: 0.0492 | m%: 0.52 | lr: 1.66e-05 | 1052s
Step  3800 | loss: 0.1123 | mse: 0.0473 | geom: 0.0650 | bond: 0.0178 | angle: 0.0449 | m%: 0.72 | lr: 1.44e-05 | 1070s
Step  3900 | loss: 0.1308 | mse: 0.0601 | geom: 0.0706 | bond: 0.0204 | angle: 0.0479 | m%: 0.94 | lr: 1.24e-05 | 1088s
Step  4000 | loss: 0.2046 | mse: 0.1330 | geom: 0.0715 | bond: 0.0217 | angle: 0.0471 | m%: 0.62 | lr: 1.05e-05 | 1106s
         >>> Train (50): RMSE=2.21Å
         >>> Test (20):  RMSE=12.36Å | DockQ=0.070
         >>> Saved plot: outputs/iterfold_geom_v3\plots\step_004000.png
Step  4100 | loss: 0.1212 | mse: 0.0534 | geom: 0.0678 | bond: 0.0182 | angle: 0.0467 | m%: 0.80 | lr: 8.71e-06 | 1125s
Step  4200 | loss: 0.1153 | mse: 0.0491 | geom: 0.0662 | bond: 0.0174 | angle: 0.0455 | m%: 0.58 | lr: 7.12e-06 | 1143s
Step  4300 | loss: 0.1287 | mse: 0.0598 | geom: 0.0690 | bond: 0.0194 | angle: 0.0465 | m%: 0.83 | lr: 5.71e-06 | 1160s
Step  4400 | loss: 0.1123 | mse: 0.0476 | geom: 0.0647 | bond: 0.0164 | angle: 0.0456 | m%: 0.89 | lr: 4.48e-06 | 1177s
Step  4500 | loss: 0.1209 | mse: 0.0533 | geom: 0.0677 | bond: 0.0201 | angle: 0.0434 | m%: 0.57 | lr: 3.42e-06 | 1194s
         >>> Train (50): RMSE=2.11Å
         >>> Test (20):  RMSE=12.38Å | DockQ=0.066
         >>> Saved plot: outputs/iterfold_geom_v3\plots\step_004500.png
Step  4600 | loss: 0.1201 | mse: 0.0541 | geom: 0.0660 | bond: 0.0196 | angle: 0.0426 | m%: 0.72 | lr: 2.56e-06 | 1214s
Step  4700 | loss: 0.1156 | mse: 0.0496 | geom: 0.0660 | bond: 0.0193 | angle: 0.0436 | m%: 0.73 | lr: 1.88e-06 | 1232s
Step  4800 | loss: 0.1137 | mse: 0.0490 | geom: 0.0646 | bond: 0.0175 | angle: 0.0445 | m%: 0.94 | lr: 1.39e-06 | 1250s
Step  4900 | loss: 0.1472 | mse: 0.0752 | geom: 0.0719 | bond: 0.0243 | angle: 0.0447 | m%: 0.70 | lr: 1.10e-06 | 1267s
Step  5000 | loss: 0.1207 | mse: 0.0538 | geom: 0.0669 | bond: 0.0191 | angle: 0.0448 | m%: 0.74 | lr: 1.00e-06 | 1285s
         >>> Train (50): RMSE=2.27Å
         >>> Test (20):  RMSE=12.36Å | DockQ=0.067
         >>> Saved plot: outputs/iterfold_geom_v3\plots\step_005000.png

======================================================================
Final Evaluation (one-shot, no anchors)
======================================================================
Test set (20 samples):
  RMSE:  12.36 +/- 6.11 Å
  DockQ: 0.067 +/- 0.122
  Fnat:  0.000
  iRMS:  inf A
  LRMS:  inf A

  Quality distribution:
    Acceptable (>=0.23): 10.0%
    Medium (>=0.49):     0.0%
    High (>=0.80):       0.0%

======================================================================
Training complete
  Total time: 1288s (21.5 min)
  Best test RMSE: 12.3313 A
  Best test DockQ: 0.0665
Finished: 2026-01-28 18:57:43
